Component: ARM Compiler 5.06 update 5 (build 528) Tool: armlink [4d35e2]

==============================================================================

Section Cross References

    app.o(.text) refers to memcpya.o(.text) for __aeabi_memcpy4
    app.o(.text) refers to uartstdio.o(.text) for UARTprintf
    app.o(.text) refers to os_sem.o(.text) for OSSemPend
    app.o(.text) refers to esp8266.o(.text) for ESP8266_Init
    app.o(.text) refers to mqttconnectclient.o(i.MQTTSerialize_connect) for MQTTSerialize_connect
    app.o(.text) refers to mqttserializepublish.o(i.MQTTSerialize_publish) for MQTTSerialize_publish
    app.o(.text) refers to mqttconnectclient.o(i.MQTTSerialize_disconnect) for MQTTSerialize_disconnect
    app.o(.text) refers to os_time.o(.text) for OSTimeDlyHMSM
    app.o(.text) refers to bsp_led.o(.text) for BSP_LED_Toggle
    app.o(.text) refers to ports.o(.text) for Get_EnviromentInfo
    app.o(.text) refers to bsp.o(.text) for BSP_Init
    app.o(.text) refers to bsp_sys.o(.text) for BSP_SysClkFreqGet
    app.o(.text) refers to os_cpu_c.o(.text) for OS_CPU_SysTickInit
    app.o(.text) refers to cpu_core.o(.text) for CPU_Init
    app.o(.text) refers to os_core.o(.text) for OSStatInit
    app.o(.text) refers to lib_mem.o(.text) for Mem_Init
    app.o(.text) refers to cpu_a.o(.text) for CPU_IntDis
    app.o(.text) refers to os_task.o(.text) for OSTaskCreateExt
    app.o(.text) refers to app.o(.constdata) for .constdata
    app.o(.text) refers to app.o(.data) for .data
    app.o(.text) refers to app.o(.bss) for .bss
    app.o(.data) refers to app.o(.conststring) for .conststring
    bsp.o(.text) refers to bsp_int.o(.text) for BSP_IntInit
    bsp.o(.text) refers to bsp_sys.o(.text) for BSP_SysInit
    bsp.o(.text) refers to bsp_led.o(.text) for BSP_LED_Init
    bsp.o(.text) refers to sysctl.o(.text) for SysCtlPeripheralEnable
    bsp.o(.text) refers to gpio.o(.text) for GPIOPinConfigure
    bsp.o(.text) refers to uartstdio.o(.text) for UARTStdioConfig
    bsp.o(.text) refers to printf3.o(i.__0sprintf$3) for __2sprintf
    bsp_int.o(.text) refers to cpu_c.o(.text) for CPU_IntSrcDis
    bsp_int.o(.text) refers to cpu_a.o(.text) for CPU_IntDis
    bsp_int.o(.text) refers to os_core.o(.text) for OSIntEnter
    bsp_int.o(.text) refers to bsp_int.o(.bss) for .bss
    bsp_sys.o(.text) refers to sysctl.o(.text) for SysCtlClockSet
    cpu_bsp.o(.text) refers to bsp_sys.o(.text) for BSP_SysClkFreqGet
    cpu_bsp.o(.text) refers to cpu_core.o(.text) for CPU_TS_TmrFreqSet
    cpu_bsp.o(.text) refers to uldiv.o(.text) for __aeabi_uldivmod
    cstartup.o(RESET) refers to cstartup.o(STACK) for __initial_sp
    cstartup.o(RESET) refers to cstartup.o(.text) for Reset_Handler
    cstartup.o(RESET) refers to os_cpu_a.o(.text) for OS_CPU_PendSVHandler
    cstartup.o(RESET) refers to os_cpu_c.o(.text) for OS_CPU_SysTickHandler
    cstartup.o(RESET) refers to bsp_int.o(.text) for BSP_IntHandlerGPIOA
    cstartup.o(.text) refers to entry.o(.ARM.Collect$$$$00000000) for __main
    cpu_core.o(.text) refers to cpu_a.o(.text) for CPU_SR_Save
    cpu_core.o(.text) refers to lib_mem.o(.text) for Mem_Clr
    cpu_core.o(.text) refers to cpu_bsp.o(.text) for CPU_TS_TmrInit
    cpu_core.o(.text) refers to lib_str.o(.text) for Str_Copy_N
    cpu_core.o(.text) refers to cpu_core.o(.bss) for .bss
    cpu_core.o(.text) refers to cpu_core.o(.data) for .data
    cpu_core.o(.text) refers to cpu_core.o(.constdata) for .constdata
    cpu_c.o(.text) refers to cpu_a.o(.text) for CPU_SR_Save
    lib_math.o(.text) refers to cpu_a.o(.text) for CPU_SR_Save
    lib_math.o(.text) refers to lib_math.o(.data) for .data
    lib_mem.o(.text) refers to lib_mem_a.o(.text) for Mem_Copy
    lib_mem.o(.text) refers to cpu_core.o(.text) for CPU_SW_Exception
    lib_mem.o(.text) refers to cpu_a.o(.text) for CPU_SR_Save
    lib_mem.o(.text) refers to lib_mem.o(.bss) for .bss
    lib_mem.o(.text) refers to lib_mem.o(.data) for .data
    lib_str.o(.text) refers to lib_ascii.o(.text) for ASCII_ToLower
    lib_str.o(.text) refers to lib_str.o(.constdata) for .constdata
    os_core.o(.text) refers to os_cpu_a.o(.text) for OS_CPU_SR_Save
    os_core.o(.text) refers to os_task.o(.text) for OSTaskStkChk
    os_core.o(.text) refers to os_time.o(.text) for OSTimeDly
    os_core.o(.text) refers to os_cpu_c.o(.text) for OSTaskStatHook
    os_core.o(.text) refers to os_flag.o(.text) for OS_FlagInit
    os_core.o(.text) refers to os_mem.o(.text) for OS_MemInit
    os_core.o(.text) refers to os_core.o(.data) for .data
    os_core.o(.text) refers to os_core.o(.bss) for .bss
    os_core.o(.text) refers to os_dbg.o(.text) for OSDebugInit
    os_core.o(.text) refers to os_core.o(.constdata) for .constdata
    os_flag.o(.text) refers to os_cpu_a.o(.text) for OS_CPU_SR_Save
    os_flag.o(.text) refers to os_core.o(.text) for OS_Sched
    os_flag.o(.text) refers to os_core.o(.data) for OSIntNesting
[...]
    _printf_fp_hex                           0x00000000   Number         0  stubs.o ABSOLUTE
    _printf_g                                0x00000000   Number         0  stubs.o ABSOLUTE
    _printf_i                                0x00000000   Number         0  stubs.o ABSOLUTE
    _printf_int_dec                          0x00000000   Number         0  stubs.o ABSOLUTE
    _printf_l                                0x00000000   Number         0  stubs.o ABSOLUTE
    _printf_lc                               0x00000000   Number         0  stubs.o ABSOLUTE
    _printf_ll                               0x00000000   Number         0  stubs.o ABSOLUTE
    _printf_lld                              0x00000000   Number         0  stubs.o ABSOLUTE
    _printf_lli                              0x00000000   Number         0  stubs.o ABSOLUTE
    _printf_llo                              0x00000000   Number         0  stubs.o ABSOLUTE
    _printf_llu                              0x00000000   Number         0  stubs.o ABSOLUTE
    _printf_llx                              0x00000000   Number         0  stubs.o ABSOLUTE
    _printf_longlong_dec                     0x00000000   Number         0  stubs.o ABSOLUTE
    _printf_longlong_hex                     0x00000000   Number         0  stubs.o ABSOLUTE
    _printf_longlong_oct                     0x00000000   Number         0  stubs.o ABSOLUTE
    _printf_ls                               0x00000000   Number         0  stubs.o ABSOLUTE
    _printf_mbtowc                           0x00000000   Number         0  stubs.o ABSOLUTE
    _printf_n                                0x00000000   Number         0  stubs.o ABSOLUTE
    _printf_o                                0x00000000   Number         0  stubs.o ABSOLUTE
    _printf_p                                0x00000000   Number         0  stubs.o ABSOLUTE
    _printf_percent                          0x00000000   Number         0  stubs.o ABSOLUTE
    _printf_pre_padding                      0x00000000   Number         0  stubs.o ABSOLUTE
    _printf_return_value                     0x00000000   Number         0  stubs.o ABSOLUTE
    _printf_s                                0x00000000   Number         0  stubs.o ABSOLUTE
    _printf_sizespec                         0x00000000   Number         0  stubs.o ABSOLUTE
    _printf_str                              0x00000000   Number         0  stubs.o ABSOLUTE
    _printf_truncate_signed                  0x00000000   Number         0  stubs.o ABSOLUTE
    _printf_truncate_unsigned                0x00000000   Number         0  stubs.o ABSOLUTE
    _printf_u                                0x00000000   Number         0  stubs.o ABSOLUTE
    _printf_wc                               0x00000000   Number         0  stubs.o ABSOLUTE
    _printf_wctomb                           0x00000000   Number         0  stubs.o ABSOLUTE
    _printf_widthprec                        0x00000000   Number         0  stubs.o ABSOLUTE
    _printf_x                                0x00000000   Number         0  stubs.o ABSOLUTE
    __cpp_initialize__aeabi_                  - Undefined Weak Reference
    __cxa_finalize                            - Undefined Weak Reference
    _clock_init                               - Undefined Weak Reference
    _microlib_exit                            - Undefined Weak Reference
    __Vectors_End                            0x00000200   Data           0  cstartup.o(RESET)
    __Vectors_Size                           0x00000200   Number         0  cstartup.o ABSOLUTE
    __main                                   0x00000201   Thumb Code     0  entry.o(.ARM.Collect$$$$00000000)
    _main_stk                                0x00000201   Thumb Code     0  entry2.o(.ARM.Collect$$$$00000001)
    _main_scatterload                        0x00000205   Thumb Code     0  entry5.o(.ARM.Collect$$$$00000004)
    __main_after_scatterload                 0x00000209   Thumb Code     0  entry5.o(.ARM.Collect$$$$00000004)
    _main_clock                              0x00000209   Thumb Code     0  entry7b.o(.ARM.Collect$$$$00000008)
    _main_cpp_init                           0x00000209   Thumb Code     0  entry8b.o(.ARM.Collect$$$$0000000A)
    _main_init                               0x00000209   Thumb Code     0  entry9a.o(.ARM.Collect$$$$0000000B)
    __rt_final_cpp                           0x00000211   Thumb Code     0  entry10a.o(.ARM.Collect$$$$0000000D)
    __rt_final_exit                          0x00000211   Thumb Code     0  entry11a.o(.ARM.Collect$$$$0000000F)
    CPUcpsid                                 0x00000215   Thumb Code     8  cpu.o(.emb_text)
    CPUprimask                               0x0000021d   Thumb Code     6  cpu.o(.emb_text)
    CPUcpsie                                 0x00000223   Thumb Code     8  cpu.o(.emb_text)
    CPUwfi                                   0x0000022b   Thumb Code     4  cpu.o(.emb_text)
    CPUbasepriSet                            0x0000022f   Thumb Code     6  cpu.o(.emb_text)
    CPUbasepriGet                            0x00000235   Thumb Code     6  cpu.o(.emb_text)
    SysCtlDelay                              0x0000023d   Thumb Code     6  sysctl.o(.emb_text)
    PublishMQTT                              0x00000245   Thumb Code   242  app.o(.text)
    main                                     0x000005a1   Thumb Code   108  app.o(.text)
    App_TaskCreateHook                       0x00000785   Thumb Code     2  app_hooks.o(.text)
    App_TaskDelHook                          0x00000787   Thumb Code     2  app_hooks.o(.text)
    App_TaskIdleHook                         0x00000789   Thumb Code     2  app_hooks.o(.text)
    App_TaskStatHook                         0x0000078b   Thumb Code     2  app_hooks.o(.text)
    App_TaskReturnHook                       0x0000078d   Thumb Code     2  app_hooks.o(.text)
    App_TaskSwHook                           0x0000078f   Thumb Code     2  app_hooks.o(.text)
    App_TCBInitHook                          0x00000791   Thumb Code     2  app_hooks.o(.text)
    App_TimeTickHook                         0x00000793   Thumb Code     2  app_hooks.o(.text)
    BSP_Init                                 0x00000795   Thumb Code   106  bsp.o(.text)
    BSP_IntClr                               0x0000083d   Thumb Code     2  bsp_int.o(.text)
    BSP_IntDis                               0x0000083f   Thumb Code    14  bsp_int.o(.text)
    BSP_IntDisAll                            0x0000084d   Thumb Code     4  bsp_int.o(.text)
    BSP_IntEn                                0x00000851   Thumb Code    14  bsp_int.o(.text)
    BSP_IntVectSet                           0x0000085f   Thumb Code    30  bsp_int.o(.text)
    BSP_IntInit                              0x0000087f   Thumb Code    20  bsp_int.o(.text)
    BSP_IntHandler                           0x00000893   Thumb Code    42  bsp_int.o(.text)
    BSP_IntHandlerGPIOA                      0x000008bd   Thumb Code     4  bsp_int.o(.text)
    BSP_IntHandlerGPIOB                      0x000008c1   Thumb Code     4  bsp_int.o(.text)
    BSP_IntHandlerGPIOC                      0x000008c5   Thumb Code     4  bsp_int.o(.text)
    BSP_IntHandlerGPIOD                      0x000008c9   Thumb Code     4  bsp_int.o(.text)
    BSP_IntHandlerGPIOE                      0x000008cd   Thumb Code     4  bsp_int.o(.text)
    BSP_IntHandlerUART0                      0x000008d1   Thumb Code     4  bsp_int.o(.text)
    BSP_IntHandlerUART1                      0x000008d5   Thumb Code     4  bsp_int.o(.text)
    BSP_IntHandlerSSI0                       0x000008d9   Thumb Code     4  bsp_int.o(.text)
    BSP_IntHandlerI2C0                       0x000008dd   Thumb Code     4  bsp_int.o(.text)
    BSP_IntHandlerPWM_FAULT                  0x000008e1   Thumb Code     4  bsp_int.o(.text)
    BSP_IntHandlerPWM_GEN0                   0x000008e5   Thumb Code     4  bsp_int.o(.text)
    BSP_IntHandlerPWM_GEN1                   0x000008e9   Thumb Code     4  bsp_int.o(.text)
    BSP_IntHandlerPWM_GEN2                   0x000008ed   Thumb Code     4  bsp_int.o(.text)
    BSP_IntHandlerQEI0                       0x000008f1   Thumb Code     4  bsp_int.o(.text)
    BSP_IntHandlerADC0_0                     0x000008f5   Thumb Code     4  bsp_int.o(.text)
    BSP_IntHandlerADC0_1                     0x000008f9   Thumb Code     4  bsp_int.o(.text)
    BSP_IntHandlerADC0_2                     0x000008fd   Thumb Code     4  bsp_int.o(.text)
    BSP_IntHandlerADC0_3                     0x00000901   Thumb Code     4  bsp_int.o(.text)
    BSP_IntHandlerWDTO_WDT1                  0x00000905   Thumb Code     4  bsp_int.o(.text)
    BSP_IntHandlerTMR0A                      0x00000909   Thumb Code     4  bsp_int.o(.text)
    BSP_IntHandlerTMR0B                      0x0000090d   Thumb Code     4  bsp_int.o(.text)
    BSP_IntHandlerTMR1A                      0x00000911   Thumb Code     4  bsp_int.o(.text)
    BSP_IntHandlerTMR1B                      0x00000915   Thumb Code     4  bsp_int.o(.text)
    BSP_IntHandlerTMR2A                      0x00000919   Thumb Code     4  bsp_int.o(.text)
    BSP_IntHandlerTMR2B                      0x0000091d   Thumb Code     4  bsp_int.o(.text)
    BSP_IntHandlerACOMP0                     0x00000921   Thumb Code     4  bsp_int.o(.text)
    BSP_IntHandlerACOMP1                     0x00000925   Thumb Code     4  bsp_int.o(.text)
    BSP_IntHandlerACOMP2                     0x00000929   Thumb Code     4  bsp_int.o(.text)
    BSP_IntHandlerSYS_CTRL                   0x0000092d   Thumb Code     4  bsp_int.o(.text)
    BSP_IntHandlerFLASH                      0x00000931   Thumb Code     4  bsp_int.o(.text)
    BSP_IntHandlerGPIOF                      0x00000935   Thumb Code     4  bsp_int.o(.text)
    BSP_IntHandlerGPIOG                      0x00000939   Thumb Code     4  bsp_int.o(.text)
    BSP_IntHandlerGPIOH                      0x0000093d   Thumb Code     4  bsp_int.o(.text)
    BSP_IntHandlerUART2                      0x00000941   Thumb Code     4  bsp_int.o(.text)
    BSP_IntHandlerSSI1                       0x00000945   Thumb Code     4  bsp_int.o(.text)
    BSP_IntHandlerTMR3A                      0x00000949   Thumb Code     4  bsp_int.o(.text)
    BSP_IntHandlerTMR3B                      0x0000094d   Thumb Code     4  bsp_int.o(.text)
    BSP_IntHandlerI2C1                       0x00000951   Thumb Code     4  bsp_int.o(.text)
    BSP_IntHandlerCAN0                       0x00000955   Thumb Code     4  bsp_int.o(.text)
    BSP_IntHandlerCAN1                       0x00000959   Thumb Code     4  bsp_int.o(.text)
    BSP_IntHandlerETHER_MAC                  0x0000095d   Thumb Code     4  bsp_int.o(.text)
    BSP_IntHandlerHIB                        0x00000961   Thumb Code     4  bsp_int.o(.text)
    BSP_IntHandlerUSB_MAC                    0x00000965   Thumb Code     4  bsp_int.o(.text)
    BSP_IntHandlerPWM_GEN3                   0x00000969   Thumb Code     4  bsp_int.o(.text)
    BSP_IntHandlerUDMA0_SOFT                 0x0000096d   Thumb Code     4  bsp_int.o(.text)
    BSP_IntHandlerUDAM0_ERR                  0x00000971   Thumb Code     4  bsp_int.o(.text)
    BSP_IntHandlerADC1_0                     0x00000975   Thumb Code     4  bsp_int.o(.text)
    BSP_IntHandlerADC1_1                     0x00000979   Thumb Code     4  bsp_int.o(.text)
    BSP_IntHandlerADC1_2                     0x0000097d   Thumb Code     4  bsp_int.o(.text)
    BSP_IntHandlerADC1_3                     0x00000981   Thumb Code     4  bsp_int.o(.text)
    BSP_IntHandlerEPI0                       0x00000985   Thumb Code     4  bsp_int.o(.text)
    BSP_IntHandlerGPIOJ                      0x00000989   Thumb Code     4  bsp_int.o(.text)
    BSP_IntHandlerGPIOK                      0x0000098d   Thumb Code     4  bsp_int.o(.text)
    BSP_IntHandlerGPIOL                      0x00000991   Thumb Code     4  bsp_int.o(.text)
    BSP_IntHandlerSSI2                       0x00000995   Thumb Code     4  bsp_int.o(.text)
    BSP_IntHandlerSSI3                       0x00000999   Thumb Code     4  bsp_int.o(.text)
    BSP_IntHandlerUART3                      0x0000099d   Thumb Code     4  bsp_int.o(.text)
    BSP_IntHandlerUART4                      0x000009a1   Thumb Code     4  bsp_int.o(.text)
    BSP_IntHandlerUART5                      0x000009a5   Thumb Code     4  bsp_int.o(.text)
    BSP_IntHandlerUART6                      0x000009a9   Thumb Code     4  bsp_int.o(.text)
    BSP_IntHandlerUART7                      0x000009ad   Thumb Code     4  bsp_int.o(.text)
    BSP_IntHandlerI2C2                       0x000009b1   Thumb Code     4  bsp_int.o(.text)
    BSP_IntHandlerI2C3                       0x000009b5   Thumb Code     4  bsp_int.o(.text)
    BSP_IntHandlerTMR4A                      0x000009b9   Thumb Code     4  bsp_int.o(.text)
    BSP_IntHandlerTMR4B                      0x000009bd   Thumb Code     4  bsp_int.o(.text)
    BSP_IntHandlerTMR5A                      0x000009c1   Thumb Code     4  bsp_int.o(.text)
    BSP_IntHandlerTMR5B                      0x000009c5   Thumb Code     4  bsp_int.o(.text)
    BSP_IntHandlerFP                         0x000009c9   Thumb Code     4  bsp_int.o(.text)
    BSP_IntHandlerRSVD68                     0x000009cd   Thumb Code     4  bsp_int.o(.text)
    BSP_IntHandlerRSVD69                     0x000009d1   Thumb Code     4  bsp_int.o(.text)
    BSP_IntHandlerI2C4                       0x000009d5   Thumb Code     4  bsp_int.o(.text)
    BSP_IntHandlerI2C5                       0x000009d9   Thumb Code     4  bsp_int.o(.text)
    BSP_IntHandlerGPIOM                      0x000009dd   Thumb Code     4  bsp_int.o(.text)
    BSP_IntHandlerGPION                      0x000009e1   Thumb Code     4  bsp_int.o(.text)
    BSP_IntHandlerRSVD74                     0x000009e5   Thumb Code     4  bsp_int.o(.text)
    BSP_IntHandlerTAMPER                     0x000009e9   Thumb Code     4  bsp_int.o(.text)
    BSP_IntHandlerGPIOP0                     0x000009ed   Thumb Code     4  bsp_int.o(.text)
    BSP_IntHandlerGPIOP1                     0x000009f1   Thumb Code     4  bsp_int.o(.text)
    BSP_IntHandlerGPIOP2                     0x000009f5   Thumb Code     4  bsp_int.o(.text)
    BSP_IntHandlerGPIOP3                     0x000009f9   Thumb Code     4  bsp_int.o(.text)
    BSP_IntHandlerGPIOP4                     0x000009fd   Thumb Code     4  bsp_int.o(.text)
    BSP_IntHandlerGPIOP5                     0x00000a01   Thumb Code     4  bsp_int.o(.text)
    BSP_IntHandlerGPIOP6                     0x00000a05   Thumb Code     4  bsp_int.o(.text)
    BSP_IntHandlerGPIOP7                     0x00000a09   Thumb Code     4  bsp_int.o(.text)
    BSP_IntHandlerGPIOQ0                     0x00000a0d   Thumb Code     4  bsp_int.o(.text)
    BSP_IntHandlerGPIOQ1                     0x00000a11   Thumb Code     4  bsp_int.o(.text)
    BSP_IntHandlerGPIOQ2                     0x00000a15   Thumb Code     4  bsp_int.o(.text)
    BSP_IntHandlerGPIOQ3                     0x00000a19   Thumb Code     4  bsp_int.o(.text)
    BSP_IntHandlerGPIOQ4                     0x00000a1d   Thumb Code     4  bsp_int.o(.text)
    BSP_IntHandlerGPIOQ5                     0x00000a21   Thumb Code     4  bsp_int.o(.text)
    BSP_IntHandlerGPIOQ6                     0x00000a25   Thumb Code     4  bsp_int.o(.text)
    BSP_IntHandlerGPIOQ7                     0x00000a29   Thumb Code     4  bsp_int.o(.text)
    BSP_IntHandlerGPIOR                      0x00000a2d   Thumb Code     4  bsp_int.o(.text)
    BSP_IntHandlerGPIOS                      0x00000a31   Thumb Code     4  bsp_int.o(.text)
    BSP_IntHandlerSHA_MD5                    0x00000a35   Thumb Code     4  bsp_int.o(.text)
    BSP_IntHandlerAES                        0x00000a39   Thumb Code     4  bsp_int.o(.text)
    BSP_IntHandlerDES                        0x00000a3d   Thumb Code     4  bsp_int.o(.text)
    BSP_IntHandlerLCD                        0x00000a41   Thumb Code     4  bsp_int.o(.text)
    BSP_IntHandlerTMR6A                      0x00000a45   Thumb Code     4  bsp_int.o(.text)
    BSP_IntHandlerTMR6B                      0x00000a49   Thumb Code     4  bsp_int.o(.text)
    BSP_IntHandlerTMR7A                      0x00000a4d   Thumb Code     4  bsp_int.o(.text)
    BSP_IntHandlerTMR7B                      0x00000a51   Thumb Code     4  bsp_int.o(.text)
    BSP_IntHandlerI2C6                       0x00000a55   Thumb Code     4  bsp_int.o(.text)
    BSP_IntHandlerI2C7                       0x00000a59   Thumb Code     4  bsp_int.o(.text)
    BSP_IntHandlerRSVD104                    0x00000a5d   Thumb Code     4  bsp_int.o(.text)
    BSP_IntHandler1WIRE                      0x00000a61   Thumb Code     4  bsp_int.o(.text)
    BSP_IntHandlerRSVD106                    0x00000a65   Thumb Code     4  bsp_int.o(.text)
    BSP_IntHandlerRSVD107                    0x00000a69   Thumb Code     4  bsp_int.o(.text)
    BSP_IntHandlerRSVD108                    0x00000a6d   Thumb Code     4  bsp_int.o(.text)
    BSP_IntHandlerI2C8                       0x00000a71   Thumb Code     4  bsp_int.o(.text)
    BSP_IntHandlerI2C9                       0x00000a75   Thumb Code     4  bsp_int.o(.text)
    BSP_IntHandlerGPIOT                      0x00000a79   Thumb Code     4  bsp_int.o(.text)
    BSP_LED_Off                              0x00000a85   Thumb Code    46  bsp_led.o(.text)
    BSP_LED_Init                             0x00000ab3   Thumb Code    24  bsp_led.o(.text)
    BSP_LED_On                               0x00000acb   Thumb Code    50  bsp_led.o(.text)
    BSP_LED_Toggle                           0x00000afd   Thumb Code    66  bsp_led.o(.text)
    BSP_SysInit                              0x00000b51   Thumb Code     6  bsp_sys.o(.text)
    BSP_SysClkFreqGet                        0x00000b57   Thumb Code     4  bsp_sys.o(.text)
    CPU_TS_TmrInit                           0x00000b61   Thumb Code    38  cpu_bsp.o(.text)
    CPU_TS_TmrRd                             0x00000b87   Thumb Code     6  cpu_bsp.o(.text)
    CPU_TS32_to_uSec                         0x00000b8d   Thumb Code    32  cpu_bsp.o(.text)
    StartCritical                            0x00000bb9   Thumb Code     0  cstartup.o(.text)
    EndCritical                              0x00000bc1   Thumb Code     0  cstartup.o(.text)
    DisableInterrupts                        0x00000bc7   Thumb Code     0  cstartup.o(.text)
    EnableInterrupts                         0x00000bcb   Thumb Code     0  cstartup.o(.text)
    Reset_Handler                            0x00000bcf   Thumb Code     4  cstartup.o(.text)
    App_NMI_ISR                              0x00000bd3   Thumb Code     2  cstartup.o(.text)
    App_Fault_ISR                            0x00000bd5   Thumb Code     2  cstartup.o(.text)
    App_MemFault_ISR                         0x00000bd7   Thumb Code     2  cstartup.o(.text)
    App_BusFault_ISR                         0x00000bd9   Thumb Code     2  cstartup.o(.text)
    App_UsageFault_ISR                       0x00000bdb   Thumb Code     2  cstartup.o(.text)
    App_Spurious_ISR                         0x00000bdd   Thumb Code     2  cstartup.o(.text)
    App_Reserved_ISR                         0x00000bdf   Thumb Code     2  cstartup.o(.text)
    CPU_NameClr                              0x00000be5   Thumb Code    26  cpu_core.o(.text)
    CPU_Init                                 0x00000bff   Thumb Code    18  cpu_core.o(.text)
    CPU_SW_Exception                         0x00000c11   Thumb Code     2  cpu_core.o(.text)
    CPU_NameGet                              0x00000c13   Thumb Code    46  cpu_core.o(.text)
    CPU_NameSet                              0x00000c41   Thumb Code    62  cpu_core.o(.text)
    CPU_TS_Get32                             0x00000c7f   Thumb Code     4  cpu_core.o(.text)
    CPU_TS_Update                            0x00000c83   Thumb Code     2  cpu_core.o(.text)
    CPU_TS_TmrFreqGet                        0x00000c85   Thumb Code    24  cpu_core.o(.text)
    CPU_TS_TmrFreqSet                        0x00000c9d   Thumb Code     6  cpu_core.o(.text)
    CPU_CntLeadZeros08                       0x00000ca3   Thumb Code    10  cpu_core.o(.text)
    CPU_CntLeadZeros16                       0x00000cad   Thumb Code    10  cpu_core.o(.text)
    CPU_CntLeadZeros32                       0x00000cb7   Thumb Code     4  cpu_core.o(.text)
    CPU_CntLeadZeros64                       0x00000cbb   Thumb Code   152  cpu_core.o(.text)
    CPU_CntTrailZeros08                      0x00000d53   Thumb Code    10  cpu_core.o(.text)
    CPU_CntTrailZeros16                      0x00000d5d   Thumb Code    10  cpu_core.o(.text)
    CPU_CntTrailZeros32                      0x00000d67   Thumb Code    10  cpu_core.o(.text)
    CPU_CntTrailZeros64                      0x00000d71   Thumb Code    36  cpu_core.o(.text)
    CPU_IntDis                               0x00000da1   Thumb Code     0  cpu_a.o(.text)
    CPU_IntEn                                0x00000da5   Thumb Code     0  cpu_a.o(.text)
    CPU_SR_Save                              0x00000da9   Thumb Code     0  cpu_a.o(.text)
    CPU_SR_Restore                           0x00000db1   Thumb Code     0  cpu_a.o(.text)
    CPU_WaitForInt                           0x00000db7   Thumb Code     0  cpu_a.o(.text)
    CPU_WaitForExcept                        0x00000dbb   Thumb Code     0  cpu_a.o(.text)
    CPU_CntLeadZeros                         0x00000dbf   Thumb Code     0  cpu_a.o(.text)
    CPU_CntTrailZeros                        0x00000dc5   Thumb Code     0  cpu_a.o(.text)
    CPU_RevBits                              0x00000dcf   Thumb Code     0  cpu_a.o(.text)
    CPU_BitBandClr                           0x00000dd5   Thumb Code    44  cpu_c.o(.text)
    CPU_BitBandSet                           0x00000e01   Thumb Code    44  cpu_c.o(.text)
    CPU_IntSrcDis                            0x00000e2d   Thumb Code   146  cpu_c.o(.text)
    CPU_IntSrcEn                             0x00000ebf   Thumb Code   146  cpu_c.o(.text)
    CPU_IntSrcPendClr                        0x00000f51   Thumb Code    72  cpu_c.o(.text)
    CPU_IntSrcPrioSet                        0x00000f99   Thumb Code   232  cpu_c.o(.text)
    CPU_IntSrcPrioGet                        0x00001081   Thumb Code   200  cpu_c.o(.text)
    ASCII_IsAlpha                            0x00001151   Thumb Code    22  lib_ascii.o(.text)
    ASCII_IsAlphaNum                         0x00001167   Thumb Code    28  lib_ascii.o(.text)
    ASCII_IsLower                            0x00001183   Thumb Code    14  lib_ascii.o(.text)
    ASCII_IsUpper                            0x00001191   Thumb Code    14  lib_ascii.o(.text)
    ASCII_IsDig                              0x0000119f   Thumb Code    14  lib_ascii.o(.text)
    ASCII_IsDigOct                           0x000011ad   Thumb Code    14  lib_ascii.o(.text)
    ASCII_IsDigHex                           0x000011bb   Thumb Code    28  lib_ascii.o(.text)
    ASCII_IsBlank                            0x000011d7   Thumb Code    16  lib_ascii.o(.text)
    ASCII_IsSpace                            0x000011e7   Thumb Code    32  lib_ascii.o(.text)
    ASCII_IsPrint                            0x00001207   Thumb Code    14  lib_ascii.o(.text)
    ASCII_IsGraph                            0x00001215   Thumb Code    14  lib_ascii.o(.text)
    ASCII_IsPunct                            0x00001223   Thumb Code    58  lib_ascii.o(.text)
    ASCII_IsCtrl                             0x0000125d   Thumb Code    22  lib_ascii.o(.text)
    ASCII_ToLower                            0x00001273   Thumb Code    14  lib_ascii.o(.text)
    ASCII_ToUpper                            0x00001281   Thumb Code    14  lib_ascii.o(.text)
    ASCII_Cmp                                0x0000128f   Thumb Code    28  lib_ascii.o(.text)
    Mem_Init                                 0x000012ad   Thumb Code    54  lib_mem.o(.text)
    Mem_Set                                  0x000012e3   Thumb Code    70  lib_mem.o(.text)
    Mem_Clr                                  0x00001329   Thumb Code     6  lib_mem.o(.text)
    Mem_Move                                 0x0000132f   Thumb Code   128  lib_mem.o(.text)
    Mem_Cmp                                  0x000013af   Thumb Code   126  lib_mem.o(.text)
    Mem_HeapAlloc                            0x000014cd   Thumb Code   164  lib_mem.o(.text)
    Mem_SegGetSizeRem                        0x00001571   Thumb Code   114  lib_mem.o(.text)
    Mem_HeapGetSizeRem                       0x000015e3   Thumb Code     8  lib_mem.o(.text)
    Mem_PoolClr                              0x000015eb   Thumb Code    68  lib_mem.o(.text)
    Mem_PoolCreate                           0x0000162f   Thumb Code   722  lib_mem.o(.text)
    Mem_PoolBlkGetNbrAvail                   0x00001901   Thumb Code    64  lib_mem.o(.text)
    Mem_PoolBlkGet                           0x00001941   Thumb Code   126  lib_mem.o(.text)
    Mem_PoolBlkGetUsedAtIx                   0x000019bf   Thumb Code   102  lib_mem.o(.text)
    Mem_PoolBlkFree                          0x00001a6b   Thumb Code   206  lib_mem.o(.text)
    Mem_PoolBlkIxGet                         0x00001b39   Thumb Code   186  lib_mem.o(.text)
    Str_Len_N                                0x00001bf9   Thumb Code    22  lib_str.o(.text)
    Str_Len                                  0x00001c0f   Thumb Code     6  lib_str.o(.text)
    Str_Copy_N                               0x00001c15   Thumb Code    48  lib_str.o(.text)
    Str_Copy                                 0x00001c45   Thumb Code     6  lib_str.o(.text)
    Str_Cat_N                                0x00001c4b   Thumb Code    58  lib_str.o(.text)
    Str_Cat                                  0x00001c85   Thumb Code     6  lib_str.o(.text)
    Str_Cmp_N                                0x00001c8b   Thumb Code    86  lib_str.o(.text)
    Str_Cmp                                  0x00001ce1   Thumb Code     6  lib_str.o(.text)
    Str_CmpIgnoreCase_N                      0x00001ce7   Thumb Code   146  lib_str.o(.text)
    Str_CmpIgnoreCase                        0x00001d79   Thumb Code     6  lib_str.o(.text)
    Str_Char_N                               0x00001d7f   Thumb Code    46  lib_str.o(.text)
    Str_Char                                 0x00001dad   Thumb Code     8  lib_str.o(.text)
    Str_Char_Last_N                          0x00001db5   Thumb Code    44  lib_str.o(.text)
    Str_Char_Last                            0x00001de1   Thumb Code     8  lib_str.o(.text)
    Str_Char_Replace_N                       0x00001de9   Thumb Code    40  lib_str.o(.text)
    Str_Char_Replace                         0x00001e11   Thumb Code     6  lib_str.o(.text)
    Str_Str_N                                0x00001e17   Thumb Code   120  lib_str.o(.text)
    Str_Str                                  0x00001e8f   Thumb Code     6  lib_str.o(.text)
    Str_FmtNbr_Int32U                        0x00001fed   Thumb Code    24  lib_str.o(.text)
    Str_FmtNbr_Int32S                        0x00002005   Thumb Code    40  lib_str.o(.text)
    Str_ParseNbr_Int32U                      0x00002167   Thumb Code    12  lib_str.o(.text)
    Str_ParseNbr_Int32S                      0x00002173   Thumb Code    42  lib_str.o(.text)
    Mem_Copy                                 0x000021a1   Thumb Code     0  lib_mem_a.o(.text)
    OS_StrLen                                0x000023c1   Thumb Code    20  os_core.o(.text)
    OSEventNameGet                           0x000023d5   Thumb Code    74  os_core.o(.text)
    OSEventNameSet                           0x0000241f   Thumb Code    58  os_core.o(.text)
    OS_EventTaskRemoveMulti                  0x00002459   Thumb Code    40  os_core.o(.text)
    OS_Sched                                 0x00002481   Thumb Code    64  os_core.o(.text)
    OS_EventTaskWaitMulti                    0x000024c1   Thumb Code    88  os_core.o(.text)
    OSEventPendMulti                         0x00002519   Thumb Code   410  os_core.o(.text)
    OS_TaskStatStkChk                        0x000026b3   Thumb Code    50  os_core.o(.text)
    OS_TaskStat                              0x000026e5   Thumb Code    98  os_core.o(.text)
    OS_TaskIdle                              0x00002747   Thumb Code    22  os_core.o(.text)
    OS_MemClr                                0x0000275d   Thumb Code    18  os_core.o(.text)
    OSInit                                   0x0000276f   Thumb Code   172  os_core.o(.text)
    OSIntEnter                               0x0000281b   Thumb Code    20  os_core.o(.text)
    OSIntExit                                0x0000282f   Thumb Code    82  os_core.o(.text)
    OSSchedLock                              0x00002881   Thumb Code    38  os_core.o(.text)
    OSSchedUnlock                            0x000028a7   Thumb Code    52  os_core.o(.text)
    OSStart                                  0x000028db   Thumb Code    38  os_core.o(.text)
    OSStatInit                               0x00002901   Thumb Code    48  os_core.o(.text)
    OSTimeTick                               0x00002931   Thumb Code   154  os_core.o(.text)
    OSVersion                                0x000029cb   Thumb Code     6  os_core.o(.text)
    OS_Dummy                                 0x000029d1   Thumb Code     2  os_core.o(.text)
    OS_EventTaskRemove                       0x000029d3   Thumb Code    36  os_core.o(.text)
    OS_EventTaskRdy                          0x000029f7   Thumb Code   102  os_core.o(.text)
    OS_EventTaskWait                         0x00002a5d   Thumb Code    68  os_core.o(.text)
    OS_EventWaitListInit                     0x00002aa1   Thumb Code    20  os_core.o(.text)
    OS_MemCopy                               0x00002ab5   Thumb Code    20  os_core.o(.text)
    OS_TCBInit                               0x00002ac9   Thumb Code   230  os_core.o(.text)
    OSFlagAccept                             0x00002cdd   Thumb Code   154  os_flag.o(.text)
    OSFlagCreate                             0x00002d77   Thumb Code    68  os_flag.o(.text)
    OS_FlagUnlink                            0x00002dbb   Thumb Code    32  os_flag.o(.text)
    OSFlagDel                                0x00002e21   Thumb Code   182  os_flag.o(.text)
    OSFlagNameGet                            0x00002ed7   Thumb Code    72  os_flag.o(.text)
    OSFlagNameSet                            0x00002f1f   Thumb Code    50  os_flag.o(.text)
    OSFlagPend                               0x00002fa7   Thumb Code   370  os_flag.o(.text)
    OSFlagPendGetFlagsRdy                    0x00003119   Thumb Code    20  os_flag.o(.text)
    OSFlagPost                               0x0000312d   Thumb Code   212  os_flag.o(.text)
    OSFlagQuery                              0x00003201   Thumb Code    38  os_flag.o(.text)
    OS_FlagInit                              0x00003227   Thumb Code    64  os_flag.o(.text)
    OSMemCreate                              0x00003271   Thumb Code    86  os_mem.o(.text)
    OSMemGet                                 0x000032c7   Thumb Code    48  os_mem.o(.text)
    OSMemNameGet                             0x000032f7   Thumb Code    54  os_mem.o(.text)
    OSMemNameSet                             0x0000332d   Thumb Code    36  os_mem.o(.text)
    OSMemPut                                 0x00003351   Thumb Code    46  os_mem.o(.text)
    OSMemQuery                               0x0000337f   Thumb Code    46  os_mem.o(.text)
    OS_MemInit                               0x000033ad   Thumb Code    62  os_mem.o(.text)
    OSSemAccept                              0x000033fd   Thumb Code    34  os_sem.o(.text)
    OSSemCreate                              0x0000341f   Thumb Code    58  os_sem.o(.text)
    OSSemDel                                 0x00003459   Thumb Code   188  os_sem.o(.text)
    OSSemPend                                0x00003515   Thumb Code   174  os_sem.o(.text)
    OSSemPendAbort                           0x000035c3   Thumb Code   110  os_sem.o(.text)
    OSSemPost                                0x00003631   Thumb Code    82  os_sem.o(.text)
    OSSemQuery                               0x00003683   Thumb Code    66  os_sem.o(.text)
    OSSemSet                                 0x000036c5   Thumb Code    52  os_sem.o(.text)
    OSTaskChangePrio                         0x0000370d   Thumb Code   322  os_task.o(.text)
    OSTaskCreate                             0x0000384f   Thumb Code   124  os_task.o(.text)
    OS_TaskStkClr                            0x000038cb   Thumb Code    22  os_task.o(.text)
    OSTaskCreateExt                          0x000038e1   Thumb Code   144  os_task.o(.text)
    OSTaskDel                                0x00003971   Thumb Code   274  os_task.o(.text)
    OSTaskDelReq                             0x00003a83   Thumb Code    82  os_task.o(.text)
    OSTaskNameGet                            0x00003ad5   Thumb Code   138  os_task.o(.text)
    OSTaskNameSet                            0x00003b5f   Thumb Code    70  os_task.o(.text)
    OSTaskResume                             0x00003ba5   Thumb Code   120  os_task.o(.text)
    OSTaskStkChk                             0x00003c1d   Thumb Code    94  os_task.o(.text)
    OSTaskSuspend                            0x00003c7b   Thumb Code   128  os_task.o(.text)
    OSTaskQuery                              0x00003cfb   Thumb Code    74  os_task.o(.text)
    OSTaskRegGet                             0x00003d45   Thumb Code    50  os_task.o(.text)
    OSTaskRegGetID                           0x00003d77   Thumb Code    40  os_task.o(.text)
    OSTaskRegSet                             0x00003d9f   Thumb Code    52  os_task.o(.text)
    OS_TaskReturn                            0x00003dd3   Thumb Code    18  os_task.o(.text)
    OSTimeDly                                0x00003e01   Thumb Code    82  os_time.o(.text)
    OSTimeDlyHMSM                            0x00003e53   Thumb Code    70  os_time.o(.text)
    OSTimeDlyResume                          0x00003e99   Thumb Code   134  os_time.o(.text)
    OSTimeGet                                0x00003f1f   Thumb Code    18  os_time.o(.text)
    OSTimeSet                                0x00003f31   Thumb Code    20  os_time.o(.text)
    OS_CPU_FP_Reg_Push                       0x00003f61   Thumb Code     0  os_cpu_a.o(.text)
    OS_CPU_FP_Reg_Pop                        0x00003f7b   Thumb Code     0  os_cpu_a.o(.text)
    OS_CPU_SR_Save                           0x00003f8d   Thumb Code     0  os_cpu_a.o(.text)
    OS_CPU_SR_Restore                        0x00003f95   Thumb Code     0  os_cpu_a.o(.text)
    OSStartHighRdy                           0x00003f9b   Thumb Code     0  os_cpu_a.o(.text)
    OSCtxSw                                  0x00003fc3   Thumb Code     0  os_cpu_a.o(.text)
    OSIntCtxSw                               0x00003fcd   Thumb Code     0  os_cpu_a.o(.text)
    OS_CPU_PendSVHandler                     0x00003fd7   Thumb Code     0  os_cpu_a.o(.text)
    OSInitHookBegin                          0x0000403d   Thumb Code    24  os_cpu_c.o(.text)
    OSInitHookEnd                            0x00004055   Thumb Code     2  os_cpu_c.o(.text)
    OSTaskCreateHook                         0x00004057   Thumb Code     4  os_cpu_c.o(.text)
    OSTaskDelHook                            0x0000405b   Thumb Code     4  os_cpu_c.o(.text)
    OSTaskIdleHook                           0x0000405f   Thumb Code     4  os_cpu_c.o(.text)
    OSTaskReturnHook                         0x00004063   Thumb Code     4  os_cpu_c.o(.text)
    OSTaskStatHook                           0x00004067   Thumb Code     4  os_cpu_c.o(.text)
    OSTaskStkInit                            0x0000406b   Thumb Code   322  os_cpu_c.o(.text)
    OSTaskSwHook                             0x000041ad   Thumb Code    42  os_cpu_c.o(.text)
    OSTCBInitHook                            0x000041d7   Thumb Code     4  os_cpu_c.o(.text)
    OSTimeTickHook                           0x000041db   Thumb Code     4  os_cpu_c.o(.text)
    OS_CPU_SysTickHandler                    0x000041df   Thumb Code    30  os_cpu_c.o(.text)
    OS_CPU_SysTickInit                       0x000041fd   Thumb Code    36  os_cpu_c.o(.text)
    OSDebugInit                              0x000042a5   Thumb Code     2  os_dbg.o(.text)
    GPIODirModeSet                           0x000042a9   Thumb Code    38  gpio.o(.text)
    GPIODirModeGet                           0x000042cf   Thumb Code    38  gpio.o(.text)
    GPIOIntTypeSet                           0x000042f5   Thumb Code    78  gpio.o(.text)
    GPIOIntTypeGet                           0x00004343   Thumb Code    68  gpio.o(.text)
    GPIOPadConfigSet                         0x00004387   Thumb Code   164  gpio.o(.text)
    GPIOPadConfigGet                         0x0000442b   Thumb Code   110  gpio.o(.text)
    GPIOIntEnable                            0x00004499   Thumb Code    12  gpio.o(.text)
    GPIOIntDisable                           0x000044a5   Thumb Code    12  gpio.o(.text)
    GPIOIntStatus                            0x000044b1   Thumb Code    14  gpio.o(.text)
    GPIOIntClear                             0x000044bf   Thumb Code     6  gpio.o(.text)
    GPIOIntRegister                          0x000044c5   Thumb Code    26  gpio.o(.text)
    GPIOIntUnregister                        0x000044df   Thumb Code    22  gpio.o(.text)
    GPIOPinRead                              0x000044f5   Thumb Code     6  gpio.o(.text)
    GPIOPinWrite                             0x000044fb   Thumb Code     6  gpio.o(.text)
    GPIOPinTypeADC                           0x00004501   Thumb Code    26  gpio.o(.text)
    GPIOPinTypeCAN                           0x0000451b   Thumb Code    26  gpio.o(.text)
    GPIOPinTypeComparator                    0x00004535   Thumb Code    26  gpio.o(.text)
    GPIOPinTypeEPI                           0x0000454f   Thumb Code    26  gpio.o(.text)
    GPIOPinTypeEthernetLED                   0x00004569   Thumb Code    26  gpio.o(.text)
    GPIOPinTypeEthernetMII                   0x00004583   Thumb Code    26  gpio.o(.text)
    GPIOPinTypeFan                           0x0000459d   Thumb Code    26  gpio.o(.text)
    GPIOPinTypeGPIOInput                     0x000045b7   Thumb Code    26  gpio.o(.text)
    GPIOPinTypeGPIOOutput                    0x000045d1   Thumb Code    26  gpio.o(.text)
    GPIOPinTypeGPIOOutputOD                  0x000045eb   Thumb Code    26  gpio.o(.text)
    GPIOPinTypeI2C                           0x00004605   Thumb Code    26  gpio.o(.text)
    GPIOPinTypeI2CSCL                        0x0000461f   Thumb Code    26  gpio.o(.text)
    GPIOPinTypeLPC                           0x00004639   Thumb Code    26  gpio.o(.text)
    GPIOPinTypePECIRx                        0x00004653   Thumb Code    26  gpio.o(.text)
    GPIOPinTypePECITx                        0x0000466d   Thumb Code    26  gpio.o(.text)
    GPIOPinTypePWM                           0x00004687   Thumb Code    26  gpio.o(.text)
    GPIOPinTypeQEI                           0x000046a1   Thumb Code    26  gpio.o(.text)
    GPIOPinTypeSSI                           0x000046bb   Thumb Code    26  gpio.o(.text)
    GPIOPinTypeTimer                         0x000046d5   Thumb Code    26  gpio.o(.text)
    GPIOPinTypeUART                          0x000046ef   Thumb Code    26  gpio.o(.text)
    GPIOPinTypeUSBAnalog                     0x00004709   Thumb Code    26  gpio.o(.text)
    GPIOPinTypeUSBDigital                    0x00004723   Thumb Code    26  gpio.o(.text)
    GPIOPinConfigure                         0x0000473d   Thumb Code    58  gpio.o(.text)
    GPIODMATriggerEnable                     0x00004777   Thumb Code    12  gpio.o(.text)
    GPIODMATriggerDisable                    0x00004783   Thumb Code    12  gpio.o(.text)
    GPIOADCTriggerEnable                     0x0000478f   Thumb Code    12  gpio.o(.text)
    GPIOADCTriggerDisable                    0x0000479b   Thumb Code    12  gpio.o(.text)
    I2CMasterEnable                          0x000047d5   Thumb Code    10  i2c.o(.text)
    I2CMasterInitExpClk                      0x000047df   Thumb Code    68  i2c.o(.text)
    I2CSlaveEnable                           0x00004823   Thumb Code    16  i2c.o(.text)
    I2CSlaveInit                             0x00004833   Thumb Code    16  i2c.o(.text)
    I2CSlaveAddressSet                       0x00004843   Thumb Code    22  i2c.o(.text)
    I2CMasterDisable                         0x00004859   Thumb Code    10  i2c.o(.text)
    I2CSlaveDisable                          0x00004863   Thumb Code    16  i2c.o(.text)
    I2CIntRegister                           0x00004873   Thumb Code    26  i2c.o(.text)
    I2CIntUnregister                         0x0000488d   Thumb Code    22  i2c.o(.text)
    I2CMasterIntEnable                       0x000048a3   Thumb Code     6  i2c.o(.text)
    I2CMasterIntEnableEx                     0x000048a9   Thumb Code     8  i2c.o(.text)
    I2CSlaveIntEnable                        0x000048b1   Thumb Code    14  i2c.o(.text)
    I2CSlaveIntEnableEx                      0x000048bf   Thumb Code    12  i2c.o(.text)
    I2CMasterIntDisable                      0x000048cb   Thumb Code     6  i2c.o(.text)
    I2CMasterIntDisableEx                    0x000048d1   Thumb Code     8  i2c.o(.text)
    I2CSlaveIntDisable                       0x000048d9   Thumb Code    14  i2c.o(.text)
    I2CSlaveIntDisableEx                     0x000048e7   Thumb Code    12  i2c.o(.text)
    I2CMasterIntStatus                       0x000048f3   Thumb Code    16  i2c.o(.text)
    I2CMasterIntStatusEx                     0x00004903   Thumb Code    10  i2c.o(.text)
    I2CSlaveIntStatus                        0x0000490d   Thumb Code    20  i2c.o(.text)
    I2CSlaveIntStatusEx                      0x00004921   Thumb Code    14  i2c.o(.text)
    I2CMasterIntClear                        0x0000492f   Thumb Code     8  i2c.o(.text)
    I2CMasterIntClearEx                      0x00004937   Thumb Code     4  i2c.o(.text)
    I2CSlaveIntClear                         0x0000493b   Thumb Code     8  i2c.o(.text)
    I2CSlaveIntClearEx                       0x00004943   Thumb Code     6  i2c.o(.text)
    I2CMasterSlaveAddrSet                    0x00004949   Thumb Code     8  i2c.o(.text)
    I2CMasterLineStateGet                    0x00004951   Thumb Code     4  i2c.o(.text)
    I2CMasterBusy                            0x00004955   Thumb Code    10  i2c.o(.text)
    I2CMasterBusBusy                         0x0000495f   Thumb Code    14  i2c.o(.text)
    I2CMasterControl                         0x0000496d   Thumb Code     4  i2c.o(.text)
    I2CMasterErr                             0x00004971   Thumb Code    22  i2c.o(.text)
    I2CMasterDataPut                         0x00004987   Thumb Code     4  i2c.o(.text)
    I2CMasterDataGet                         0x0000498b   Thumb Code     4  i2c.o(.text)
    I2CMasterTimeoutSet                      0x0000498f   Thumb Code     4  i2c.o(.text)
    I2CSlaveACKOverride                      0x00004993   Thumb Code    24  i2c.o(.text)
    I2CSlaveACKValueSet                      0x000049ab   Thumb Code    24  i2c.o(.text)
    I2CSlaveStatus                           0x000049c3   Thumb Code     6  i2c.o(.text)
    I2CSlaveDataPut                          0x000049c9   Thumb Code     6  i2c.o(.text)
    I2CSlaveDataGet                          0x000049cf   Thumb Code     6  i2c.o(.text)
    IntMasterEnable                          0x00004a0b   Thumb Code    14  interrupt.o(.text)
    IntMasterDisable                         0x00004a19   Thumb Code    14  interrupt.o(.text)
    IntRegister                              0x00004a27   Thumb Code    38  interrupt.o(.text)
    IntUnregister                            0x00004a4d   Thumb Code    10  interrupt.o(.text)
    IntPriorityGroupingSet                   0x00004a57   Thumb Code    18  interrupt.o(.text)
    IntPriorityGroupingGet                   0x00004a69   Thumb Code    30  interrupt.o(.text)
    IntPrioritySet                           0x00004a87   Thumb Code    32  interrupt.o(.text)
    IntPriorityGet                           0x00004aa7   Thumb Code    22  interrupt.o(.text)
    IntEnable                                0x00004abd   Thumb Code    88  interrupt.o(.text)
    IntDisable                               0x00004b15   Thumb Code    88  interrupt.o(.text)
    IntIsEnabled                             0x00004b6d   Thumb Code    90  interrupt.o(.text)
    IntPendSet                               0x00004bc7   Thumb Code    70  interrupt.o(.text)
    IntPendClear                             0x00004c0d   Thumb Code    58  interrupt.o(.text)
    IntPriorityMaskSet                       0x00004c47   Thumb Code     4  interrupt.o(.text)
    IntPriorityMaskGet                       0x00004c4b   Thumb Code     4  interrupt.o(.text)
    IntTrigger                               0x00004c4f   Thumb Code     8  interrupt.o(.text)
    SysCtlSRAMSizeGet                        0x00004c71   Thumb Code    10  sysctl.o(.text)
    SysCtlFlashSizeGet                       0x00004c7b   Thumb Code    16  sysctl.o(.text)
    SysCtlPeripheralPresent                  0x00004c8b   Thumb Code    40  sysctl.o(.text)
    SysCtlPeripheralReady                    0x00004cb3   Thumb Code    40  sysctl.o(.text)
    SysCtlPeripheralPowerOn                  0x00004cdb   Thumb Code    36  sysctl.o(.text)
    SysCtlPeripheralPowerOff                 0x00004cff   Thumb Code    36  sysctl.o(.text)
    SysCtlPeripheralReset                    0x00004d23   Thumb Code    54  sysctl.o(.text)
    SysCtlPeripheralEnable                   0x00004d59   Thumb Code    36  sysctl.o(.text)
    SysCtlPeripheralDisable                  0x00004d7d   Thumb Code    36  sysctl.o(.text)
    SysCtlPeripheralSleepEnable              0x00004da1   Thumb Code    36  sysctl.o(.text)
    SysCtlPeripheralSleepDisable             0x00004dc5   Thumb Code    36  sysctl.o(.text)
    SysCtlPeripheralDeepSleepEnable          0x00004de9   Thumb Code    36  sysctl.o(.text)
    SysCtlPeripheralDeepSleepDisable         0x00004e0d   Thumb Code    36  sysctl.o(.text)
    SysCtlPeripheralClockGating              0x00004e31   Thumb Code    24  sysctl.o(.text)
    SysCtlIntRegister                        0x00004e49   Thumb Code    20  sysctl.o(.text)
    SysCtlIntUnregister                      0x00004e5d   Thumb Code    18  sysctl.o(.text)
    SysCtlIntEnable                          0x00004e6f   Thumb Code    12  sysctl.o(.text)
    SysCtlIntDisable                         0x00004e7b   Thumb Code    12  sysctl.o(.text)
    SysCtlIntClear                           0x00004e87   Thumb Code     8  sysctl.o(.text)
    SysCtlIntStatus                          0x00004e8f   Thumb Code    14  sysctl.o(.text)
    SysCtlReset                              0x00004e9d   Thumb Code     8  sysctl.o(.text)
    SysCtlSleep                              0x00004ea5   Thumb Code     4  sysctl.o(.text)
    SysCtlDeepSleep                          0x00004ea9   Thumb Code    28  sysctl.o(.text)
    SysCtlResetCauseGet                      0x00004ec5   Thumb Code     8  sysctl.o(.text)
    SysCtlResetCauseClear                    0x00004ecd   Thumb Code    12  sysctl.o(.text)
    SysCtlMOSCConfigSet                      0x00004ed9   Thumb Code     8  sysctl.o(.text)
    SysCtlPIOSCCalibrate                     0x00004ee1   Thumb Code    64  sysctl.o(.text)
    SysCtlClockSet                           0x00004f21   Thumb Code   250  sysctl.o(.text)
    SysCtlClockGet                           0x0000501b   Thumb Code   274  sysctl.o(.text)
    SysCtlDeepSleepClockSet                  0x0000512d   Thumb Code     8  sysctl.o(.text)
    SysCtlPWMClockSet                        0x00005135   Thumb Code    14  sysctl.o(.text)
    SysCtlPWMClockGet                        0x00005143   Thumb Code    20  sysctl.o(.text)
    SysCtlADCSpeedSet                        0x00005157   Thumb Code    32  sysctl.o(.text)
    SysCtlADCSpeedGet                        0x00005177   Thumb Code    12  sysctl.o(.text)
    SysCtlGPIOAHBEnable                      0x00005183   Thumb Code    18  sysctl.o(.text)
    SysCtlGPIOAHBDisable                     0x00005195   Thumb Code    18  sysctl.o(.text)
    SysCtlUSBPLLEnable                       0x000051a7   Thumb Code    12  sysctl.o(.text)
    SysCtlUSBPLLDisable                      0x000051b3   Thumb Code    12  sysctl.o(.text)
    UARTParityModeSet                        0x000051cd   Thumb Code    12  uart.o(.text)
    UARTParityModeGet                        0x000051d9   Thumb Code     8  uart.o(.text)
    UARTFIFOLevelSet                         0x000051e1   Thumb Code     6  uart.o(.text)
    UARTFIFOLevelGet                         0x000051e7   Thumb Code    16  uart.o(.text)
    UARTEnable                               0x000051f7   Thumb Code    20  uart.o(.text)
    UARTDisable                              0x0000520b   Thumb Code    26  uart.o(.text)
    UARTConfigSetExpClk                      0x00005225   Thumb Code    70  uart.o(.text)
    UARTConfigGetExpClk                      0x0000526b   Thumb Code    38  uart.o(.text)
    UARTFIFOEnable                           0x00005291   Thumb Code    10  uart.o(.text)
    UARTFIFODisable                          0x0000529b   Thumb Code    10  uart.o(.text)
    UARTEnableSIR                            0x000052a5   Thumb Code    20  uart.o(.text)
    UARTDisableSIR                           0x000052b9   Thumb Code    10  uart.o(.text)
    UARTSmartCardEnable                      0x000052c3   Thumb Code    22  uart.o(.text)
    UARTSmartCardDisable                     0x000052d9   Thumb Code    10  uart.o(.text)
    UARTModemControlSet                      0x000052e3   Thumb Code    12  uart.o(.text)
    UARTModemControlClear                    0x000052ef   Thumb Code    12  uart.o(.text)
    UARTModemControlGet                      0x000052fb   Thumb Code     8  uart.o(.text)
    UARTModemStatusGet                       0x00005303   Thumb Code    10  uart.o(.text)
    UARTFlowControlSet                       0x0000530d   Thumb Code    12  uart.o(.text)
    UARTFlowControlGet                       0x00005319   Thumb Code     8  uart.o(.text)
    UARTTxIntModeSet                         0x00005321   Thumb Code    12  uart.o(.text)
    UARTTxIntModeGet                         0x0000532d   Thumb Code     8  uart.o(.text)
    UARTCharsAvail                           0x00005335   Thumb Code    10  uart.o(.text)
    UARTSpaceAvail                           0x0000533f   Thumb Code    10  uart.o(.text)
    UARTCharGetNonBlocking                   0x00005349   Thumb Code    16  uart.o(.text)
    UARTCharGet                              0x00005359   Thumb Code    10  uart.o(.text)
    UARTCharPutNonBlocking                   0x00005363   Thumb Code    16  uart.o(.text)
    UARTCharPut                              0x00005373   Thumb Code    10  uart.o(.text)
    UARTBreakCtl                             0x0000537d   Thumb Code    20  uart.o(.text)
    UARTBusy                                 0x00005391   Thumb Code     8  uart.o(.text)
    UARTIntRegister                          0x00005399   Thumb Code    26  uart.o(.text)
    UARTIntUnregister                        0x000053b3   Thumb Code    22  uart.o(.text)
    UARTIntEnable                            0x000053c9   Thumb Code     8  uart.o(.text)
    UARTIntDisable                           0x000053d1   Thumb Code     8  uart.o(.text)
    UARTIntStatus                            0x000053d9   Thumb Code    10  uart.o(.text)
    UARTIntClear                             0x000053e3   Thumb Code     4  uart.o(.text)
    UARTDMAEnable                            0x000053e7   Thumb Code     8  uart.o(.text)
    UARTDMADisable                           0x000053ef   Thumb Code     8  uart.o(.text)
    UARTRxErrorGet                           0x000053f7   Thumb Code     8  uart.o(.text)
    UARTRxErrorClear                         0x000053ff   Thumb Code     6  uart.o(.text)
    UARTClockSourceSet                       0x00005405   Thumb Code     6  uart.o(.text)
    UARTClockSourceGet                       0x0000540b   Thumb Code     6  uart.o(.text)
    UART9BitEnable                           0x00005411   Thumb Code    12  uart.o(.text)
    UART9BitDisable                          0x0000541d   Thumb Code    12  uart.o(.text)
    UART9BitAddrSet                          0x00005429   Thumb Code     8  uart.o(.text)
    UART9BitAddrSend                         0x00005431   Thumb Code    38  uart.o(.text)
    UARTStdioConfig                          0x0000547d   Thumb Code    70  uartstdio.o(.text)
    UARTwrite                                0x000054c3   Thumb Code    46  uartstdio.o(.text)
    UARTgets                                 0x000054f1   Thumb Code   106  uartstdio.o(.text)
    UARTgetc                                 0x0000555b   Thumb Code    14  uartstdio.o(.text)
    UARTvprintf                              0x00005569   Thumb Code   422  uartstdio.o(.text)
    UARTprintf                               0x0000570f   Thumb Code    18  uartstdio.o(.text)
    Init_I2C0                                0x0000573d   Thumb Code    26  ports.o(.text)
    Ports_Init                               0x00005757   Thumb Code   130  ports.o(.text)
    Get_Temp                                 0x000057d9   Thumb Code    98  ports.o(.text)
    Get_Brightness                           0x0000583b   Thumb Code    18  ports.o(.text)
    Get_SoilMoisture                         0x0000584d   Thumb Code     4  ports.o(.text)
    Get_EnviromentInfo                       0x00005851   Thumb Code    30  ports.o(.text)
    InitI2C0                                 0x00005885   Thumb Code    74  easy_i2c.o(.text)
    I2CSend                                  0x000058cf   Thumb Code   150  easy_i2c.o(.text)
    I2CReceive                               0x00005965   Thumb Code   142  easy_i2c.o(.text)
    Delay                                    0x00005a15   Thumb Code    12  sht31.o(.text)
    delay                                    0x00005a21   Thumb Code    14  sht31.o(.text)
    SHT31_readCommand                        0x00005a2f   Thumb Code    18  sht31.o(.text)
    SHT31_readStatus                         0x00005a41   Thumb Code    30  sht31.o(.text)
    SHT31_writeCommand                       0x00005a5f   Thumb Code    18  sht31.o(.text)
    SHT31_reset                              0x00005a71   Thumb Code    18  sht31.o(.text)
    SHT31_begin                              0x00005a83   Thumb Code    26  sht31.o(.text)
    SHT31_readTemperature                    0x00005a9d   Thumb Code     6  sht31.o(.text)
    SHT31_readHumidity                       0x00005aa3   Thumb Code     6  sht31.o(.text)
    SHT31_readTempHum                        0x00005aa9   Thumb Code    70  sht31.o(.text)
    veml_getGain                             0x00005afd   Thumb Code    14  veml7700.o(.text)
    veml_sendData                            0x00005b0b   Thumb Code    30  veml7700.o(.text)
    veml_setGain                             0x00005b29   Thumb Code    14  veml7700.o(.text)
    veml_setIntegrationTime                  0x00005b37   Thumb Code    14  veml7700.o(.text)
    veml_getIntegrationTime                  0x00005b45   Thumb Code    14  veml7700.o(.text)
    veml_begin                               0x00005b53   Thumb Code    50  veml7700.o(.text)
    veml_receiveData                         0x00005b85   Thumb Code    24  veml7700.o(.text)
    veml_getALS                              0x00005b9d   Thumb Code     6  veml7700.o(.text)
    lc                                       0x00005bad   Thumb Code    14  esp8266.o(.text)
    SearchStart                              0x00005bbb   Thumb Code    24  esp8266.o(.text)
    SearchCheck                              0x00005bd3   Thumb Code    52  esp8266.o(.text)
    ServerResponseSearchStart                0x00005c07   Thumb Code    28  esp8266.o(.text)
    ServerResponseSearchCheck                0x00005c23   Thumb Code   132  esp8266.o(.text)
    ESP8266_InitUART                         0x00005ca7   Thumb Code   182  esp8266.o(.text)
    ESP8266FIFOtoBuffer                      0x00005d5d   Thumb Code    86  esp8266.o(.text)
    UART1_Handler                            0x00005db3   Thumb Code    36  esp8266.o(.text)
    ESP8266_EnableRXInterrupt                0x00005dd7   Thumb Code    12  esp8266.o(.text)
    ESP8266_DisableRXInterrupt               0x00005de3   Thumb Code    12  esp8266.o(.text)
    ESP8266_PrintChar                        0x00005def   Thumb Code    12  esp8266.o(.text)
    ESP8266SendCommand                       0x00005dfb   Thumb Code    22  esp8266.o(.text)
    ESP8266SendBuffer                        0x00005e11   Thumb Code    24  esp8266.o(.text)
    DelayMs                                  0x00005e29   Thumb Code    26  esp8266.o(.text)
    DelayMsSearching                         0x00005e43   Thumb Code    38  esp8266.o(.text)
    ESP8266_SetDataTransmissionMode          0x00005e69   Thumb Code    60  esp8266.o(.text)
    ESP8266_ListAccessPoints                 0x00005ea5   Thumb Code    44  esp8266.o(.text)
    ESP8266_GetIPAddress                     0x00005ed1   Thumb Code    44  esp8266.o(.text)
    ESP8266_JoinAccessPoint                  0x00005efd   Thumb Code    62  esp8266.o(.text)
    ESP8266_SetWifiMode                      0x00005f3b   Thumb Code    62  esp8266.o(.text)
    ESP8266_Reset                            0x00005f79   Thumb Code   260  esp8266.o(.text)
    ESP8266_Init                             0x0000607d   Thumb Code   146  esp8266.o(.text)
    ESP8266_SetConnectionMux                 0x0000610f   Thumb Code    60  esp8266.o(.text)
    ESP8266_QuitAccessPoint                  0x0000614b   Thumb Code    46  esp8266.o(.text)
    ESP8266_ConfigureAccessPoint             0x00006179   Thumb Code    74  esp8266.o(.text)
    ESP8266_MakeTCPConnection                0x000061c3   Thumb Code    64  esp8266.o(.text)
    ESP8266_SendTCP                          0x00006203   Thumb Code    88  esp8266.o(.text)
    ESP8266_CloseTCPConnection               0x0000625b   Thumb Code    46  esp8266.o(.text)
    ESP8266_GetStatus                        0x00006289   Thumb Code    46  esp8266.o(.text)
    ESP8266_GetVersionNumber                 0x000062b7   Thumb Code    46  esp8266.o(.text)
    ESP8266_SetServerTimeout                 0x000062e5   Thumb Code    24  esp8266.o(.text)
    ESP8266_EnableServer                     0x000062fd   Thumb Code    24  esp8266.o(.text)
    ESP8266_DisableServer                    0x00006315   Thumb Code    56  esp8266.o(.text)
    ESP8266ProcessInput                      0x0000634d   Thumb Code   654  esp8266.o(.text)
    HTTP_ServePage                           0x000065db   Thumb Code   100  esp8266.o(.text)
    RxFifo_Init                              0x00006685   Thumb Code    22  uart_1.o(.text)
    RxFifo_Put                               0x0000669b   Thumb Code    36  uart_1.o(.text)
    RxFifo_Get                               0x000066bf   Thumb Code    36  uart_1.o(.text)
    RxFifo_Size                              0x000066e3   Thumb Code    12  uart_1.o(.text)
    TxFifo_Init                              0x000066ef   Thumb Code    22  uart_1.o(.text)
    TxFifo_Put                               0x00006705   Thumb Code    36  uart_1.o(.text)
    TxFifo_Get                               0x00006729   Thumb Code    36  uart_1.o(.text)
    TxFifo_Size                              0x0000674d   Thumb Code    12  uart_1.o(.text)
    UART_Init                                0x00006759   Thumb Code   152  uart_1.o(.text)
    UART_InChar                              0x000067f1   Thumb Code    18  uart_1.o(.text)
    UART_InCharNonBlock                      0x00006803   Thumb Code    18  uart_1.o(.text)
    UART_OutChar                             0x00006815   Thumb Code    38  uart_1.o(.text)
    UART_OutCharNonBlock                     0x0000683b   Thumb Code    34  uart_1.o(.text)
    UART0_Handler                            0x0000685d   Thumb Code    66  uart_1.o(.text)
    UART_OutString                           0x0000689f   Thumb Code    20  uart_1.o(.text)
    UART_InUDec                              0x000068b3   Thumb Code    64  uart_1.o(.text)
    UART_OutUDec                             0x000068f3   Thumb Code    36  uart_1.o(.text)
    UART_InUHex                              0x00006917   Thumb Code    74  uart_1.o(.text)
    UART_OutUHex                             0x00006961   Thumb Code    42  uart_1.o(.text)
    UART_InString                            0x0000698b   Thumb Code    54  uart_1.o(.text)
    fputc                                    0x000069c1   Thumb Code    12  uart_1.o(.text)
    Output_Init                              0x000069cd   Thumb Code     2  uart_1.o(.text)
    __aeabi_uldivmod                         0x00006a35   Thumb Code    98  uldiv.o(.text)
    __aeabi_memcpy                           0x00006a97   Thumb Code    36  memcpya.o(.text)
    __aeabi_memcpy4                          0x00006a97   Thumb Code     0  memcpya.o(.text)
    __aeabi_memcpy8                          0x00006a97   Thumb Code     0  memcpya.o(.text)
    strstr                                   0x00006abb   Thumb Code    36  strstr.o(.text)
    strlen                                   0x00006adf   Thumb Code    14  strlen.o(.text)
    strcpy                                   0x00006aed   Thumb Code    18  strcpy.o(.text)
    __aeabi_uidiv                            0x00006aff   Thumb Code     0  uidiv.o(.text)
    __aeabi_uidivmod                         0x00006aff   Thumb Code    44  uidiv.o(.text)
    __aeabi_llsl                             0x00006b2b   Thumb Code    30  llshl.o(.text)
    _ll_shift_l                              0x00006b2b   Thumb Code     0  llshl.o(.text)
    __aeabi_llsr                             0x00006b49   Thumb Code    32  llushr.o(.text)
    _ll_ushift_r                             0x00006b49   Thumb Code     0  llushr.o(.text)
    __scatterload                            0x00006b69   Thumb Code    28  init.o(.text)
    __scatterload_rt2                        0x00006b69   Thumb Code     0  init.o(.text)
    __decompress                             0x00006b8d   Thumb Code     0  __dczerorl.o(.text)
    __decompress0                            0x00006b8d   Thumb Code    58  __dczerorl.o(.text)
    MQTTPacket_encode                        0x00006bc7   Thumb Code    54  mqttpacket.o(i.MQTTPacket_encode)
    MQTTPacket_len                           0x00006bfd   Thumb Code    34  mqttpacket.o(i.MQTTPacket_len)
    MQTTSerialize_connect                    0x00006c25   Thumb Code   342  mqttconnectclient.o(i.MQTTSerialize_connect)
    MQTTSerialize_connectLength              0x00006d8d   Thumb Code   118  mqttconnectclient.o(i.MQTTSerialize_connectLength)
    MQTTSerialize_disconnect                 0x00006e03   Thumb Code    18  mqttconnectclient.o(i.MQTTSerialize_disconnect)
    MQTTSerialize_publish                    0x00006e15   Thumb Code   176  mqttserializepublish.o(i.MQTTSerialize_publish)
    MQTTSerialize_publishLength              0x00006ec5   Thumb Code    34  mqttserializepublish.o(i.MQTTSerialize_publishLength)
    MQTTSerialize_zero                       0x00006ee7   Thumb Code    76  mqttconnectclient.o(i.MQTTSerialize_zero)
    MQTTstrlen                               0x00006f33   Thumb Code    24  mqttpacket.o(i.MQTTstrlen)
    __0printf$3                              0x00006f4d   Thumb Code    22  printf3.o(i.__0printf$3)
    __1printf$3                              0x00006f4d   Thumb Code     0  printf3.o(i.__0printf$3)
    __2printf                                0x00006f4d   Thumb Code     0  printf3.o(i.__0printf$3)
    __0sprintf$3                             0x00006f6d   Thumb Code    34  printf3.o(i.__0sprintf$3)
    __1sprintf$3                             0x00006f6d   Thumb Code     0  printf3.o(i.__0sprintf$3)
    __2sprintf                               0x00006f6d   Thumb Code     0  printf3.o(i.__0sprintf$3)
    __scatterload_copy                       0x00006f95   Thumb Code    14  handlers.o(i.__scatterload_copy)
    __scatterload_null                       0x00006fa3   Thumb Code     2  handlers.o(i.__scatterload_null)
    __scatterload_zeroinit                   0x00006fa5   Thumb Code    14  handlers.o(i.__scatterload_zeroinit)
    malloc                                   0x00007179   Thumb Code    92  malloc.o(i.malloc)
    writeCString                             0x000071e5   Thumb Code    40  mqttpacket.o(i.writeCString)
    writeChar                                0x0000720d   Thumb Code    12  mqttpacket.o(i.writeChar)
    writeInt                                 0x00007219   Thumb Code    48  mqttpacket.o(i.writeInt)
    writeMQTTString                          0x00007249   Thumb Code    62  mqttpacket.o(i.writeMQTTString)
    OSUnMapTbl                               0x00007474   Data         256  os_core.o(.constdata)
    Region$$Table$$Base                      0x00007924   Number         0  anon$$obj.o(Region$$Table)
    Region$$Table$$Limit                     0x00007944   Number         0  anon$$obj.o(Region$$Table)
    err                                      0x20000000   Data           1  app.o(.data)
    soil_temp                                0x20000001   Data           1  app.o(.data)
    lumens                                   0x20000002   Data           2  app.o(.data)
    th_sem                                   0x2000000c   Data           4  app.o(.data)
    lum_sem                                  0x20000010   Data           4  app.o(.data)
    temp_sem                                 0x20000014   Data           4  app.o(.data)
    moist_sem                                0x20000018   Data           4  app.o(.data)
    print_sem                                0x2000001c   Data           4  app.o(.data)
    soil_moist                               0x20000020   Data           4  app.o(.data)
    env_th                                   0x20000024   Data           4  app.o(.data)
    CPU_TS_TmrFreq_Hz                        0x20000028   Data           4  cpu_core.o(.data)
    Mem_PoolTbl                              0x2000002c   Data           4  lib_mem.o(.data)
    OSCPUUsage                               0x20000030   Data           1  os_core.o(.data)
    OSStatRdy                                0x20000031   Data           1  os_core.o(.data)
    OSIntNesting                             0x20000032   Data           1  os_core.o(.data)
    OSLockNesting                            0x20000033   Data           1  os_core.o(.data)
    OSPrioCur                                0x20000034   Data           1  os_core.o(.data)
    OSPrioHighRdy                            0x20000035   Data           1  os_core.o(.data)
    OSRdyGrp                                 0x20000036   Data           1  os_core.o(.data)
    OSRunning                                0x20000037   Data           1  os_core.o(.data)
    OSTaskCtr                                0x20000038   Data           1  os_core.o(.data)
    OSTickStepState                          0x20000039   Data           1  os_core.o(.data)
    OSTaskRegNextAvailID                     0x2000003a   Data           1  os_core.o(.data)
    OSCtxSwCtr                               0x2000003c   Data           4  os_core.o(.data)
    OSEventFreeList                          0x20000040   Data           4  os_core.o(.data)
    OSIdleCtrMax                             0x20000044   Data           4  os_core.o(.data)
    OSIdleCtrRun                             0x20000048   Data           4  os_core.o(.data)
    OSIdleCtr                                0x2000004c   Data           4  os_core.o(.data)
    OSTCBCur                                 0x20000050   Data           4  os_core.o(.data)
    OSTCBFreeList                            0x20000054   Data           4  os_core.o(.data)
    OSTCBHighRdy                             0x20000058   Data           4  os_core.o(.data)
    OSTCBList                                0x2000005c   Data           4  os_core.o(.data)
    OSTime                                   0x20000060   Data           4  os_core.o(.data)
    OSRdyTbl                                 0x20000064   Data           8  os_core.o(.data)
    OSFlagFreeList                           0x2000006c   Data           4  os_core.o(.data)
    OSMemFreeList                            0x20000070   Data           4  os_core.o(.data)
    OS_CPU_ExceptStkBase                     0x20000074   Data           4  os_cpu_c.o(.data)
    humidity                                 0x20000080   Data           4  sht31.o(.data)
    temp                                     0x20000084   Data           4  sht31.o(.data)
    ESP8266_EchoResponse                     0x20000088   Data           1  esp8266.o(.data)
    ESP8266_InputProcessingEnabled           0x20000089   Data           1  esp8266.o(.data)
    ESP8266_PageRequested                    0x2000008a   Data           1  esp8266.o(.data)
    SearchLooking                            0x2000008b   Data           1  esp8266.o(.data)
    SearchFound                              0x2000008c   Data           1  esp8266.o(.data)
    ESP8266_ServerPort                       0x2000008e   Data           2  esp8266.o(.data)
    ESP8266_ServerTimeout                    0x20000090   Data           2  esp8266.o(.data)
    RXBufferIndex                            0x20000094   Data           4  esp8266.o(.data)
    LastReturnIndex                          0x20000098   Data           4  esp8266.o(.data)
    CurrentReturnIndex                       0x2000009c   Data           4  esp8266.o(.data)
    ServerResponseIndex                      0x200000a0   Data           4  esp8266.o(.data)
    SearchIndex                              0x200000a4   Data           4  esp8266.o(.data)
    ServerResponseSearchFinished             0x200000a8   Data           4  esp8266.o(.data)
    ServerResponseSearchIndex                0x200000ac   Data           4  esp8266.o(.data)
    ServerResponseSearchLooking              0x200000b0   Data           4  esp8266.o(.data)
    ServerResponseSearchString               0x200000b4   Data          16  esp8266.o(.data)
    RxPutI                                   0x200000c4   Data           4  uart_1.o(.data)
    RxGetI                                   0x200000c8   Data           4  uart_1.o(.data)
    TxPutI                                   0x200000cc   Data           4  uart_1.o(.data)
    TxGetI                                   0x200000d0   Data           4  uart_1.o(.data)
    __stdout                                 0x200000d4   Data           4  stdout.o(.data)
    __microlib_freelist                      0x200000d8   Data           4  mvars.o(.data)
    __microlib_freelist_initialised          0x200000dc   Data           4  mvars.o(.data)
    CPU_Name                                 0x2000202c   Data          16  cpu_core.o(.bss)
    Mem_PoolHeap                             0x2000203c   Data          72  lib_mem.o(.bss)
    Mem_Heap                                 0x20002084   Data        1024  lib_mem.o(.bss)
    OSEventTbl                               0x20002484   Data         240  os_core.o(.bss)
    OSTaskStatStk                            0x20002574   Data         512  os_core.o(.bss)
    OSTaskIdleStk                            0x20002774   Data         512  os_core.o(.bss)
    OSTCBPrioTbl                             0x20002974   Data         256  os_core.o(.bss)
    OSTCBTbl                                 0x20002a74   Data        1936  os_core.o(.bss)
    OSFlagTbl                                0x20003204   Data          80  os_core.o(.bss)
    OSMemTbl                                 0x20003254   Data         120  os_core.o(.bss)
    OS_CPU_ExceptStk                         0x200032cc   Data         512  os_cpu_c.o(.bss)
    reg_cache                                0x200034cc   Data          16  veml7700.o(.bss)
    RXBuffer                                 0x200034dc   Data        1024  esp8266.o(.bss)
    TXBuffer                                 0x200038dc   Data        1024  esp8266.o(.bss)
    ServerResponseBuffer                     0x20003cdc   Data        1024  esp8266.o(.bss)
    SearchString                             0x200040dc   Data          32  esp8266.o(.bss)
    __heap_base                              0x20004900   Data           0  cstartup.o(HEAP)
    __heap_limit                             0x20004900   Data           0  cstartup.o(HEAP)
    __initial_sp                             0x20004b00   Data           0  cstartup.o(STACK)



==============================================================================

Memory Map of the image

  Image Entry point : 0x00000201

  Load Region LR_IROM1 (Base: 0x00000000, Size: 0x00007fb0, Max: 0x00040000, ABSOLUTE, COMPRESSED[0x00007964])

    Execution Region ER_IROM1 (Exec base: 0x00000000, Load base: 0x00000000, Size: 0x00007944, Max: 0x00040000, ABSOLUTE)

    Exec Addr    Load Addr    Size         Type   Attr      Idx    E Section Name        Object

    0x00000000   0x00000000   0x00000200   Data   RO          306    RESET               cstartup.o
    0x00000200   0x00000200   0x00000000   Code   RO         1445  * .ARM.Collect$$$$00000000  mc_w.l(entry.o)
    0x00000200   0x00000200   0x00000004   Code   RO         1751    .ARM.Collect$$$$00000001  mc_w.l(entry2.o)
    0x00000204   0x00000204   0x00000004   Code   RO         1754    .ARM.Collect$$$$00000004  mc_w.l(entry5.o)
    0x00000208   0x00000208   0x00000000   Code   RO         1756    .ARM.Collect$$$$00000008  mc_w.l(entry7b.o)
    0x00000208   0x00000208   0x00000000   Code   RO         1758    .ARM.Collect$$$$0000000A  mc_w.l(entry8b.o)
    0x00000208   0x00000208   0x00000008   Code   RO         1759    .ARM.Collect$$$$0000000B  mc_w.l(entry9a.o)
    0x00000210   0x00000210   0x00000000   Code   RO         1761    .ARM.Collect$$$$0000000D  mc_w.l(entry10a.o)
    0x00000210   0x00000210   0x00000000   Code   RO         1763    .ARM.Collect$$$$0000000F  mc_w.l(entry11a.o)
    0x00000210   0x00000210   0x00000004   Code   RO         1752    .ARM.Collect$$$$00002712  mc_w.l(entry2.o)
    0x00000214   0x00000214   0x00000026   Code   RO          687    .emb_text           cpu.o
    0x0000023a   0x0000023a   0x00000002   PAD
    0x0000023c   0x0000023c   0x00000006   Code   RO          910    .emb_text           sysctl.o
    0x00000242   0x00000242   0x00000002   PAD
    0x00000244   0x00000244   0x00000540   Code   RO            1    .text               app.o
    0x00000784   0x00000784   0x00000010   Code   RO          167    .text               app_hooks.o
    0x00000794   0x00000794   0x000000a8   Code   RO          183    .text               bsp.o
    0x0000083c   0x0000083c   0x00000248   Code   RO          225    .text               bsp_int.o
    0x00000a84   0x00000a84   0x000000cc   Code   RO          246    .text               bsp_led.o
    0x00000b50   0x00000b50   0x00000010   Code   RO          267    .text               bsp_sys.o
    0x00000b60   0x00000b60   0x00000058   Code   RO          282    .text               cpu_bsp.o
    0x00000bb8   0x00000bb8   0x0000002c   Code   RO          307    .text               cstartup.o
    0x00000be4   0x00000be4   0x000001bc   Code   RO          312    .text               cpu_core.o
    0x00000da0   0x00000da0   0x00000034   Code   RO          334    .text               cpu_a.o
    0x00000dd4   0x00000dd4   0x0000037c   Code   RO          337    .text               cpu_c.o
    0x00001150   0x00001150   0x0000015a   Code   RO          353    .text               lib_ascii.o
    0x000012aa   0x000012aa   0x00000002   PAD
    0x000012ac   0x000012ac   0x0000094c   Code   RO          400    .text               lib_mem.o
    0x00001bf8   0x00001bf8   0x000005a8   Code   RO          419    .text               lib_str.o
    0x000021a0   0x000021a0   0x00000220   Code   RO          437    .text               lib_mem_a.o
    0x000023c0   0x000023c0   0x0000091c   Code   RO          440    .text               os_core.o
    0x00002cdc   0x00002cdc   0x00000594   Code   RO          465    .text               os_flag.o
    0x00003270   0x00003270   0x0000018c   Code   RO          490    .text               os_mem.o
    0x000033fc   0x000033fc   0x00000310   Code   RO          520    .text               os_sem.o
    0x0000370c   0x0000370c   0x000006f4   Code   RO          532    .text               os_task.o
    0x00003e00   0x00003e00   0x00000160   Code   RO          545    .text               os_time.o
    0x00003f60   0x00003f60   0x000000dc   Code   RO          563    .text               os_cpu_a.o
    0x0000403c   0x0000403c   0x00000268   Code   RO          566    .text               os_cpu_c.o
    0x000042a4   0x000042a4   0x00000002   Code   RO          589    .text               os_dbg.o
    0x000042a6   0x000042a6   0x00000002   PAD
    0x000042a8   0x000042a8   0x0000052c   Code   RO          753    .text               gpio.o
    0x000047d4   0x000047d4   0x00000234   Code   RO          789    .text               i2c.o
    0x00004a08   0x00004a08   0x00000268   Code   RO          807    .text               interrupt.o
    0x00004c70   0x00004c70   0x0000055c   Code   RO          911    .text               sysctl.o
    0x000051cc   0x000051cc   0x000002b0   Code   RO          984    .text               uart.o
    0x0000547c   0x0000547c   0x000002c0   Code   RO         1056    .text               uartstdio.o
    0x0000573c   0x0000573c   0x00000148   Code   RO         1078    .text               ports.o
    0x00005884   0x00005884   0x00000190   Code   RO         1106    .text               easy_i2c.o
    0x00005a14   0x00005a14   0x000000e8   Code   RO         1124    .text               sht31.o
    0x00005afc   0x00005afc   0x000000b0   Code   RO         1145    .text               veml7700.o
    0x00005bac   0x00005bac   0x00000ad8   Code   RO         1161    .text               esp8266.o
    0x00006684   0x00006684   0x000003b0   Code   RO         1198    .text               uart_1.o
    0x00006a34   0x00006a34   0x00000062   Code   RO         1448    .text               mc_w.l(uldiv.o)
    0x00006a96   0x00006a96   0x00000024   Code   RO         1450    .text               mc_w.l(memcpya.o)
    0x00006aba   0x00006aba   0x00000024   Code   RO         1452    .text               mc_w.l(strstr.o)
    0x00006ade   0x00006ade   0x0000000e   Code   RO         1454    .text               mc_w.l(strlen.o)
    0x00006aec   0x00006aec   0x00000012   Code   RO         1456    .text               mc_w.l(strcpy.o)
    0x00006afe   0x00006afe   0x0000002c   Code   RO         1766    .text               mc_w.l(uidiv.o)
    0x00006b2a   0x00006b2a   0x0000001e   Code   RO         1768    .text               mc_w.l(llshl.o)
    0x00006b48   0x00006b48   0x00000020   Code   RO         1770    .text               mc_w.l(llushr.o)
    0x00006b68   0x00006b68   0x00000024   Code   RO         1785    .text               mc_w.l(init.o)
    0x00006b8c   0x00006b8c   0x0000003a   Code   RO         1799    .text               mc_w.l(__dczerorl.o)
    0x00006bc6   0x00006bc6   0x00000036   Code   RO         1333    i.MQTTPacket_encode  MQTTPacket.lib(mqttpacket.o)
    0x00006bfc   0x00006bfc   0x00000028   Code   RO         1335    i.MQTTPacket_len    MQTTPacket.lib(mqttpacket.o)
    0x00006c24   0x00006c24   0x00000168   Code   RO         1219    i.MQTTSerialize_connect  MQTTPacket.lib(mqttconnectclient.o)
    0x00006d8c   0x00006d8c   0x00000076   Code   RO         1220    i.MQTTSerialize_connectLength  MQTTPacket.lib(mqttconnectclient.o)
    0x00006e02   0x00006e02   0x00000012   Code   RO         1221    i.MQTTSerialize_disconnect  MQTTPacket.lib(mqttconnectclient.o)
    0x00006e14   0x00006e14   0x000000b0   Code   RO         1291    i.MQTTSerialize_publish  MQTTPacket.lib(mqttserializepublish.o)
    0x00006ec4   0x00006ec4   0x00000022   Code   RO         1292    i.MQTTSerialize_publishLength  MQTTPacket.lib(mqttserializepublish.o)
    0x00006ee6   0x00006ee6   0x0000004c   Code   RO         1223    i.MQTTSerialize_zero  MQTTPacket.lib(mqttconnectclient.o)
    0x00006f32   0x00006f32   0x00000018   Code   RO         1338    i.MQTTstrlen        MQTTPacket.lib(mqttpacket.o)
    0x00006f4a   0x00006f4a   0x00000002   PAD
    0x00006f4c   0x00006f4c   0x00000020   Code   RO         1551    i.__0printf$3       mc_w.l(printf3.o)
    0x00006f6c   0x00006f6c   0x00000028   Code   RO         1553    i.__0sprintf$3      mc_w.l(printf3.o)
    0x00006f94   0x00006f94   0x0000000e   Code   RO         1793    i.__scatterload_copy  mc_w.l(handlers.o)
    0x00006fa2   0x00006fa2   0x00000002   Code   RO         1794    i.__scatterload_null  mc_w.l(handlers.o)
    0x00006fa4   0x00006fa4   0x0000000e   Code   RO         1795    i.__scatterload_zeroinit  mc_w.l(handlers.o)
    0x00006fb2   0x00006fb2   0x00000002   PAD
    0x00006fb4   0x00006fb4   0x000001b8   Code   RO         1558    i._printf_core      mc_w.l(printf3.o)
    0x0000716c   0x0000716c   0x0000000a   Code   RO         1560    i._sputc            mc_w.l(printf3.o)
    0x00007176   0x00007176   0x00000002   PAD
    0x00007178   0x00007178   0x0000006c   Code   RO         1724    i.malloc            mc_w.l(malloc.o)
    0x000071e4   0x000071e4   0x00000028   Code   RO         1344    i.writeCString      MQTTPacket.lib(mqttpacket.o)
    0x0000720c   0x0000720c   0x0000000c   Code   RO         1345    i.writeChar         MQTTPacket.lib(mqttpacket.o)
    0x00007218   0x00007218   0x00000030   Code   RO         1346    i.writeInt          MQTTPacket.lib(mqttpacket.o)
    0x00007248   0x00007248   0x0000003e   Code   RO         1347    i.writeMQTTString   MQTTPacket.lib(mqttpacket.o)
    0x00007286   0x00007286   0x00000002   PAD
    0x00007288   0x00007288   0x00000058   Data   RO            3    .constdata          app.o
    0x000072e0   0x000072e0   0x00000100   Data   RO          314    .constdata          cpu_core.o
    0x000073e0   0x000073e0   0x00000094   Data   RO          420    .constdata          lib_str.o
    0x00007474   0x00007474   0x00000100   Data   RO          444    .constdata          os_core.o
    0x00007574   0x00007574   0x00000138   Data   RO          754    .constdata          gpio.o
    0x000076ac   0x000076ac   0x00000030   Data   RO          790    .constdata          i2c.o
    0x000076dc   0x000076dc   0x0000010c   Data   RO          808    .constdata          interrupt.o
    0x000077e8   0x000077e8   0x0000006c   Data   RO          912    .constdata          sysctl.o
    0x00007854   0x00007854   0x00000040   Data   RO          985    .constdata          uart.o
    0x00007894   0x00007894   0x0000001c   Data   RO         1057    .constdata          uartstdio.o
    0x000078b0   0x000078b0   0x0000000d   Data   RO            4    .conststring        app.o
    0x000078bd   0x000078bd   0x00000003   PAD
    0x000078c0   0x000078c0   0x00000011   Data   RO         1058    .conststring        uartstdio.o
    0x000078d1   0x000078d1   0x00000003   PAD
    0x000078d4   0x000078d4   0x0000004e   Data   RO         1164    .conststring        esp8266.o
    0x00007922   0x00007922   0x00000002   PAD
    0x00007924   0x00007924   0x00000020   Data   RO         1791    Region$$Table       anon$$obj.o


    Execution Region RW_IRAM1 (Exec base: 0x20000000, Load base: 0x00007944, Size: 0x00004b00, Max: 0x00008000, ABSOLUTE, COMPRESSED[0x00000020])

    Exec Addr    Load Addr    Size         Type   Attr      Idx    E Section Name        Object

    0x20000000   COMPRESSED   0x00000028   Data   RW            5    .data               app.o
    0x20000028   COMPRESSED   0x00000004   Data   RW          316    .data               cpu_core.o
    0x2000002c   COMPRESSED   0x00000004   Data   RW          402    .data               lib_mem.o
    0x20000030   COMPRESSED   0x0000003c   Data   RW          445    .data               os_core.o
    0x2000006c   COMPRESSED   0x00000004   Data   RW          446    .data               os_core.o
    0x20000070   COMPRESSED   0x00000004   Data   RW          447    .data               os_core.o
    0x20000074   COMPRESSED   0x00000004   Data   RW          568    .data               os_cpu_c.o
    0x20000078   COMPRESSED   0x00000008   Data   RW         1059    .data               uartstdio.o
    0x20000080   COMPRESSED   0x00000008   Data   RW         1125    .data               sht31.o
    0x20000088   COMPRESSED   0x0000003c   Data   RW         1165    .data               esp8266.o
    0x200000c4   COMPRESSED   0x00000010   Data   RW         1200    .data               uart_1.o
    0x200000d4   COMPRESSED   0x00000004   Data   RW         1765    .data               mc_w.l(stdout.o)
    0x200000d8   COMPRESSED   0x00000004   Data   RW         1772    .data               mc_w.l(mvars.o)
    0x200000dc   COMPRESSED   0x00000004   Data   RW         1773    .data               mc_w.l(mvars.o)
    0x200000e0   COMPRESSED   0x00000320   PAD
    0x20000400   COMPRESSED   0x0000026c   Data   RW          809    vtable              interrupt.o
    0x2000066c        -       0x00001800   Zero   RW            2    .bss                app.o
    0x20001e6c        -       0x000001c0   Zero   RW          226    .bss                bsp_int.o
    0x2000202c        -       0x00000010   Zero   RW          313    .bss                cpu_core.o
    0x2000203c        -       0x00000448   Zero   RW          401    .bss                lib_mem.o
    0x20002484        -       0x00000d80   Zero   RW          441    .bss                os_core.o
    0x20003204        -       0x00000050   Zero   RW          442    .bss                os_core.o
    0x20003254        -       0x00000078   Zero   RW          443    .bss                os_core.o
    0x200032cc        -       0x00000200   Zero   RW          567    .bss                os_cpu_c.o
    0x200034cc        -       0x00000010   Zero   RW         1146    .bss                veml7700.o
    0x200034dc        -       0x00000c20   Zero   RW         1162    .bss                esp8266.o
    0x200040fc        -       0x00000800   Zero   RW         1199    .bss                uart_1.o
    0x200048fc   COMPRESSED   0x00000004   PAD
    0x20004900        -       0x00000000   Zero   RW          305    HEAP                cstartup.o
    0x20004900        -       0x00000200   Zero   RW          304    STACK               cstartup.o


==============================================================================

Image component sizes


      Code (inc. data)   RO Data    RW Data    ZI Data      Debug   Object Name

      1344        308        101         40       6144      31946   app.o
        16          0          0          0          0       9471   app_hooks.o
       168         62          0          0          0       8503   bsp.o
       584          8          0          0        448      14678   bsp_int.o
       204         18          0          0          0       1285   bsp_led.o
        16          6          0          0          0        656   bsp_sys.o
        38          0          0          0          0        684   cpu.o
        52          0          0          0          0        420   cpu_a.o
        88         12          0          0          0       2616   cpu_bsp.o
       892         72          0          0          0       3597   cpu_c.o
       444         12        256          4         16       7105   cpu_core.o
        44          4        512          0        512        828   cstartup.o
       400         34          0          0          0       1814   easy_i2c.o
      2776        804         78         60       3104      13649   esp8266.o
      1324         10        312          0          0      12880   gpio.o
       564         18         48          0          0       9810   i2c.o
       616         26        268        620          0       5236   interrupt.o
       346          0          0          0          0      15398   lib_ascii.o
      2380         38          0          4       1096      25416   lib_mem.o
       544          0          0          0          0        568   lib_mem_a.o
      1448          4        148          0          0      12992   lib_str.o
      2332         92        256         68       3656      19579   os_core.o
       220         36          0          0          0        512   os_cpu_a.o
       616        132          0          4        512      12728   os_cpu_c.o
         2          0          0          0          0        646   os_dbg.o
      1428         40          0          0          0       7834   os_flag.o
       396         18          0          0          0       3504   os_mem.o
       784         20          0          0          0       4538   os_sem.o
      1780         72          0          0          0       9170   os_task.o
       352         28          0          0          0       2046   os_time.o
       328         22          0          0          0       2305   ports.o
       232         14          0          8          0       3353   sht31.o
      1378         80        108          0          0       9851   sysctl.o
       688          4         64          0          0      11262   uart.o
       944         34          0         16       2048       6825   uart_1.o
       704         28         45          8          0       4129   uartstdio.o
       176         10          0          0         16       2800   veml7700.o

    ----------------------------------------------------------------------
     26656       2066       2236        832      17556     280634   Object Totals
         0          0         32          0          0          0   (incl. Generated)
         8          0          8          0          4          0   (incl. Padding)

    ----------------------------------------------------------------------

      Code (inc. data)   RO Data    RW Data    ZI Data      Debug   Library Member Name

       572         18          0          0          0       6254   mqttconnectclient.o
       280          6          0          0          0       4434   mqttpacket.o
       210          0          0          0          0       1874   mqttserializepublish.o
        58          0          0          0          0          0   __dczerorl.o
         0          0          0          0          0          0   entry.o
         0          0          0          0          0          0   entry10a.o
         0          0          0          0          0          0   entry11a.o
         8          4          0          0          0          0   entry2.o
         4          0          0          0          0          0   entry5.o
         0          0          0          0          0          0   entry7b.o
         0          0          0          0          0          0   entry8b.o
         8          4          0          0          0          0   entry9a.o
        30          0          0          0          0          0   handlers.o
        36          8          0          0          0         68   init.o
        30          0          0          0          0         68   llshl.o
        32          0          0          0          0         68   llushr.o
       108         16          0          0          0         84   malloc.o
        36          0          0          0          0         68   memcpya.o
         0          0          0          8          0          0   mvars.o
       522         20          0          0          0        336   printf3.o
         0          0          0          4          0          0   stdout.o
        18          0          0          0          0         68   strcpy.o
        14          0          0          0          0         68   strlen.o
        36          0          0          0          0         80   strstr.o
        44          0          0          0          0         80   uidiv.o
        98          0          0          0          0         92   uldiv.o

    ----------------------------------------------------------------------
      2152         76          0        812          0      13642   Library Totals
         8          0          0        800          0          0   (incl. Padding)

    ----------------------------------------------------------------------

      Code (inc. data)   RO Data    RW Data    ZI Data      Debug   Library Name

      1062         24          0          0          0      12562   MQTTPacket.lib
      1082         52          0         12          0       1080   mc_w.l

    ----------------------------------------------------------------------
      2152         76          0        812          0      13642   Library Totals

    ----------------------------------------------------------------------

==============================================================================


      Code (inc. data)   RO Data    RW Data    ZI Data      Debug   

     28808       2142       2236       1644      17556     284940   Grand Totals
     28808       2142       2236         32      17556     284940   ELF Image Totals (compressed)
     28808       2142       2236         32          0          0   ROM Totals

==============================================================================

    Total RO  Size (Code + RO Data)                31044 (  30.32kB)
    Total RW  Size (RW Data + ZI Data)             19200 (  18.75kB)
    Total ROM Size (Code + RO Data + RW Data)      31076 (  30.35kB)

==============================================================================

