Component: ARM Compiler 5.06 update 6 (build 750) Tool: armlink [4d35ed]

==============================================================================

Section Cross References

    app.o(.text) refers to os_time.o(.text) for OSTimeDlyHMSM
    app.o(.text) refers to bsp_led.o(.text) for BSP_LED_Toggle
    app.o(.text) refers to ports.o(.text) for Get_EnviromentInfo
    app.o(.text) refers to os_sem.o(.text) for OSSemPend
    app.o(.text) refers to uartstdio.o(.text) for UARTprintf
    app.o(.text) refers to bsp.o(.text) for BSP_Init
    app.o(.text) refers to bsp_sys.o(.text) for BSP_SysClkFreqGet
    app.o(.text) refers to os_cpu_c.o(.text) for OS_CPU_SysTickInit
    app.o(.text) refers to cpu_core.o(.text) for CPU_Init
    app.o(.text) refers to os_core.o(.text) for OSStatInit
    app.o(.text) refers to lib_mem.o(.text) for Mem_Init
    app.o(.text) refers to os_task.o(.text) for OSTaskCreate
    app.o(.text) refers to cpu_a.o(.text) for CPU_IntDis
    app.o(.text) refers to memcpya.o(.text) for __aeabi_memcpy4
    app.o(.text) refers to esp8266.o(.text) for ESP8266_Init
    app.o(.text) refers to mqttconnectclient.o(i.MQTTSerialize_connect) for MQTTSerialize_connect
    app.o(.text) refers to mqttserializepublish.o(i.MQTTSerialize_publish) for MQTTSerialize_publish
    app.o(.text) refers to mqttconnectclient.o(i.MQTTSerialize_disconnect) for MQTTSerialize_disconnect
    app.o(.text) refers to app.o(.data) for .data
    app.o(.text) refers to app.o(.bss) for .bss
    app.o(.text) refers to app.o(.constdata) for .constdata
    app.o(.data) refers to app.o(.conststring) for .conststring
    bsp.o(.text) refers to bsp_int.o(.text) for BSP_IntInit
    bsp.o(.text) refers to bsp_sys.o(.text) for BSP_SysInit
    bsp.o(.text) refers to bsp_led.o(.text) for BSP_LED_Init
    bsp.o(.text) refers to sysctl.o(.text) for SysCtlPeripheralEnable
    bsp.o(.text) refers to gpio.o(.text) for GPIOPinConfigure
    bsp.o(.text) refers to uartstdio.o(.text) for UARTStdioConfig
    bsp.o(.text) refers to printf3.o(i.__0sprintf$3) for __2sprintf
    bsp_int.o(.text) refers to cpu_c.o(.text) for CPU_IntSrcDis
    bsp_int.o(.text) refers to cpu_a.o(.text) for CPU_IntDis
    bsp_int.o(.text) refers to os_core.o(.text) for OSIntEnter
    bsp_int.o(.text) refers to bsp_int.o(.bss) for .bss
    bsp_sys.o(.text) refers to sysctl.o(.text) for SysCtlClockSet
    cpu_bsp.o(.text) refers to bsp_sys.o(.text) for BSP_SysClkFreqGet
    cpu_bsp.o(.text) refers to cpu_core.o(.text) for CPU_TS_TmrFreqSet
    cpu_bsp.o(.text) refers to uldiv.o(.text) for __aeabi_uldivmod
    cstartup.o(RESET) refers to cstartup.o(STACK) for __initial_sp
    cstartup.o(RESET) refers to cstartup.o(.text) for Reset_Handler
    cstartup.o(RESET) refers to os_cpu_a.o(.text) for OS_CPU_PendSVHandler
    cstartup.o(RESET) refers to os_cpu_c.o(.text) for OS_CPU_SysTickHandler
    cstartup.o(RESET) refers to bsp_int.o(.text) for BSP_IntHandlerGPIOA
    cstartup.o(.text) refers to entry.o(.ARM.Collect$$$$00000000) for __main
    cpu_core.o(.text) refers to cpu_a.o(.text) for CPU_SR_Save
    cpu_core.o(.text) refers to lib_mem.o(.text) for Mem_Clr
    cpu_core.o(.text) refers to cpu_bsp.o(.text) for CPU_TS_TmrInit
    cpu_core.o(.text) refers to lib_str.o(.text) for Str_Copy_N
    cpu_core.o(.text) refers to cpu_core.o(.bss) for .bss
    cpu_core.o(.text) refers to cpu_core.o(.data) for .data
    cpu_core.o(.text) refers to cpu_core.o(.constdata) for .constdata
    cpu_c.o(.text) refers to cpu_a.o(.text) for CPU_SR_Save
    lib_math.o(.text) refers to cpu_a.o(.text) for CPU_SR_Save
    lib_math.o(.text) refers to lib_math.o(.data) for .data
    lib_mem.o(.text) refers to lib_mem_a.o(.text) for Mem_Copy
    lib_mem.o(.text) refers to cpu_core.o(.text) for CPU_SW_Exception
    lib_mem.o(.text) refers to cpu_a.o(.text) for CPU_SR_Save
    lib_mem.o(.text) refers to lib_mem.o(.bss) for .bss
    lib_mem.o(.text) refers to lib_mem.o(.data) for .data
    lib_str.o(.text) refers to lib_ascii.o(.text) for ASCII_ToLower
    lib_str.o(.text) refers to lib_str.o(.constdata) for .constdata
    os_core.o(.text) refers to os_cpu_a.o(.text) for OS_CPU_SR_Save
    os_core.o(.text) refers to os_task.o(.text) for OSTaskStkChk
    os_core.o(.text) refers to os_time.o(.text) for OSTimeDly
    os_core.o(.text) refers to os_cpu_c.o(.text) for OSTaskStatHook
    os_core.o(.text) refers to os_flag.o(.text) for OS_FlagInit
    os_core.o(.text) refers to os_mem.o(.text) for OS_MemInit
    os_core.o(.text) refers to os_core.o(.data) for .data
    os_core.o(.text) refers to os_core.o(.bss) for .bss
    os_core.o(.text) refers to os_dbg.o(.text) for OSDebugInit
    os_core.o(.text) refers to os_core.o(.constdata) for .constdata
    os_flag.o(.text) refers to os_cpu_a.o(.text) for OS_CPU_SR_Save
    os_flag.o(.text) refers to os_core.o(.text) for OS_Sched
    os_flag.o(.text) refers to os_core.o(.data) for OSIntNesting
[...]
    _printf_fp_hex                           0x00000000   Number         0  stubs.o ABSOLUTE
    _printf_g                                0x00000000   Number         0  stubs.o ABSOLUTE
    _printf_i                                0x00000000   Number         0  stubs.o ABSOLUTE
    _printf_int_dec                          0x00000000   Number         0  stubs.o ABSOLUTE
    _printf_l                                0x00000000   Number         0  stubs.o ABSOLUTE
    _printf_lc                               0x00000000   Number         0  stubs.o ABSOLUTE
    _printf_ll                               0x00000000   Number         0  stubs.o ABSOLUTE
    _printf_lld                              0x00000000   Number         0  stubs.o ABSOLUTE
    _printf_lli                              0x00000000   Number         0  stubs.o ABSOLUTE
    _printf_llo                              0x00000000   Number         0  stubs.o ABSOLUTE
    _printf_llu                              0x00000000   Number         0  stubs.o ABSOLUTE
    _printf_llx                              0x00000000   Number         0  stubs.o ABSOLUTE
    _printf_longlong_dec                     0x00000000   Number         0  stubs.o ABSOLUTE
    _printf_longlong_hex                     0x00000000   Number         0  stubs.o ABSOLUTE
    _printf_longlong_oct                     0x00000000   Number         0  stubs.o ABSOLUTE
    _printf_ls                               0x00000000   Number         0  stubs.o ABSOLUTE
    _printf_mbtowc                           0x00000000   Number         0  stubs.o ABSOLUTE
    _printf_n                                0x00000000   Number         0  stubs.o ABSOLUTE
    _printf_o                                0x00000000   Number         0  stubs.o ABSOLUTE
    _printf_p                                0x00000000   Number         0  stubs.o ABSOLUTE
    _printf_percent                          0x00000000   Number         0  stubs.o ABSOLUTE
    _printf_pre_padding                      0x00000000   Number         0  stubs.o ABSOLUTE
    _printf_return_value                     0x00000000   Number         0  stubs.o ABSOLUTE
    _printf_s                                0x00000000   Number         0  stubs.o ABSOLUTE
    _printf_sizespec                         0x00000000   Number         0  stubs.o ABSOLUTE
    _printf_str                              0x00000000   Number         0  stubs.o ABSOLUTE
    _printf_truncate_signed                  0x00000000   Number         0  stubs.o ABSOLUTE
    _printf_truncate_unsigned                0x00000000   Number         0  stubs.o ABSOLUTE
    _printf_u                                0x00000000   Number         0  stubs.o ABSOLUTE
    _printf_wc                               0x00000000   Number         0  stubs.o ABSOLUTE
    _printf_wctomb                           0x00000000   Number         0  stubs.o ABSOLUTE
    _printf_widthprec                        0x00000000   Number         0  stubs.o ABSOLUTE
    _printf_x                                0x00000000   Number         0  stubs.o ABSOLUTE
    __cpp_initialize__aeabi_                  - Undefined Weak Reference
    __cxa_finalize                            - Undefined Weak Reference
    _clock_init                               - Undefined Weak Reference
    _microlib_exit                            - Undefined Weak Reference
    __Vectors_End                            0x00000200   Data           0  cstartup.o(RESET)
    __Vectors_Size                           0x00000200   Number         0  cstartup.o ABSOLUTE
    __main                                   0x00000201   Thumb Code     0  entry.o(.ARM.Collect$$$$00000000)
    _main_stk                                0x00000201   Thumb Code     0  entry2.o(.ARM.Collect$$$$00000001)
    _main_scatterload                        0x00000205   Thumb Code     0  entry5.o(.ARM.Collect$$$$00000004)
    __main_after_scatterload                 0x00000209   Thumb Code     0  entry5.o(.ARM.Collect$$$$00000004)
    _main_clock                              0x00000209   Thumb Code     0  entry7b.o(.ARM.Collect$$$$00000008)
    _main_cpp_init                           0x00000209   Thumb Code     0  entry8b.o(.ARM.Collect$$$$0000000A)
    _main_init                               0x00000209   Thumb Code     0  entry9a.o(.ARM.Collect$$$$0000000B)
    __rt_final_cpp                           0x00000211   Thumb Code     0  entry10a.o(.ARM.Collect$$$$0000000D)
    __rt_final_exit                          0x00000211   Thumb Code     0  entry11a.o(.ARM.Collect$$$$0000000F)
    CPUcpsid                                 0x00000215   Thumb Code     8  cpu.o(.emb_text)
    CPUprimask                               0x0000021d   Thumb Code     6  cpu.o(.emb_text)
    CPUcpsie                                 0x00000223   Thumb Code     8  cpu.o(.emb_text)
    CPUwfi                                   0x0000022b   Thumb Code     4  cpu.o(.emb_text)
    CPUbasepriSet                            0x0000022f   Thumb Code     6  cpu.o(.emb_text)
    CPUbasepriGet                            0x00000235   Thumb Code     6  cpu.o(.emb_text)
    SysCtlDelay                              0x0000023d   Thumb Code     6  sysctl.o(.emb_text)
    main                                     0x00000441   Thumb Code   106  app.o(.text)
    PublishMQTT                              0x000004ab   Thumb Code   242  app.o(.text)
    App_TaskCreateHook                       0x00000689   Thumb Code     2  app_hooks.o(.text)
    App_TaskDelHook                          0x0000068b   Thumb Code     2  app_hooks.o(.text)
    App_TaskIdleHook                         0x0000068d   Thumb Code     2  app_hooks.o(.text)
    App_TaskStatHook                         0x0000068f   Thumb Code     2  app_hooks.o(.text)
    App_TaskReturnHook                       0x00000691   Thumb Code     2  app_hooks.o(.text)
    App_TaskSwHook                           0x00000693   Thumb Code     2  app_hooks.o(.text)
    App_TCBInitHook                          0x00000695   Thumb Code     2  app_hooks.o(.text)
    App_TimeTickHook                         0x00000697   Thumb Code     2  app_hooks.o(.text)
    BSP_Init                                 0x00000699   Thumb Code   106  bsp.o(.text)
    BSP_IntClr                               0x00000741   Thumb Code     2  bsp_int.o(.text)
    BSP_IntDis                               0x00000743   Thumb Code    14  bsp_int.o(.text)
    BSP_IntDisAll                            0x00000751   Thumb Code     4  bsp_int.o(.text)
    BSP_IntEn                                0x00000755   Thumb Code    14  bsp_int.o(.text)
    BSP_IntVectSet                           0x00000763   Thumb Code    30  bsp_int.o(.text)
    BSP_IntInit                              0x00000783   Thumb Code    20  bsp_int.o(.text)
    BSP_IntHandler                           0x00000797   Thumb Code    42  bsp_int.o(.text)
    BSP_IntHandlerGPIOA                      0x000007c1   Thumb Code     4  bsp_int.o(.text)
    BSP_IntHandlerGPIOB                      0x000007c5   Thumb Code     4  bsp_int.o(.text)
    BSP_IntHandlerGPIOC                      0x000007c9   Thumb Code     4  bsp_int.o(.text)
    BSP_IntHandlerGPIOD                      0x000007cd   Thumb Code     4  bsp_int.o(.text)
    BSP_IntHandlerGPIOE                      0x000007d1   Thumb Code     4  bsp_int.o(.text)
    BSP_IntHandlerUART0                      0x000007d5   Thumb Code     4  bsp_int.o(.text)
    BSP_IntHandlerUART1                      0x000007d9   Thumb Code     4  bsp_int.o(.text)
    BSP_IntHandlerSSI0                       0x000007dd   Thumb Code     4  bsp_int.o(.text)
    BSP_IntHandlerI2C0                       0x000007e1   Thumb Code     4  bsp_int.o(.text)
    BSP_IntHandlerPWM_FAULT                  0x000007e5   Thumb Code     4  bsp_int.o(.text)
    BSP_IntHandlerPWM_GEN0                   0x000007e9   Thumb Code     4  bsp_int.o(.text)
    BSP_IntHandlerPWM_GEN1                   0x000007ed   Thumb Code     4  bsp_int.o(.text)
    BSP_IntHandlerPWM_GEN2                   0x000007f1   Thumb Code     4  bsp_int.o(.text)
    BSP_IntHandlerQEI0                       0x000007f5   Thumb Code     4  bsp_int.o(.text)
    BSP_IntHandlerADC0_0                     0x000007f9   Thumb Code     4  bsp_int.o(.text)
    BSP_IntHandlerADC0_1                     0x000007fd   Thumb Code     4  bsp_int.o(.text)
    BSP_IntHandlerADC0_2                     0x00000801   Thumb Code     4  bsp_int.o(.text)
    BSP_IntHandlerADC0_3                     0x00000805   Thumb Code     4  bsp_int.o(.text)
    BSP_IntHandlerWDTO_WDT1                  0x00000809   Thumb Code     4  bsp_int.o(.text)
    BSP_IntHandlerTMR0A                      0x0000080d   Thumb Code     4  bsp_int.o(.text)
    BSP_IntHandlerTMR0B                      0x00000811   Thumb Code     4  bsp_int.o(.text)
    BSP_IntHandlerTMR1A                      0x00000815   Thumb Code     4  bsp_int.o(.text)
    BSP_IntHandlerTMR1B                      0x00000819   Thumb Code     4  bsp_int.o(.text)
    BSP_IntHandlerTMR2A                      0x0000081d   Thumb Code     4  bsp_int.o(.text)
    BSP_IntHandlerTMR2B                      0x00000821   Thumb Code     4  bsp_int.o(.text)
    BSP_IntHandlerACOMP0                     0x00000825   Thumb Code     4  bsp_int.o(.text)
    BSP_IntHandlerACOMP1                     0x00000829   Thumb Code     4  bsp_int.o(.text)
    BSP_IntHandlerACOMP2                     0x0000082d   Thumb Code     4  bsp_int.o(.text)
    BSP_IntHandlerSYS_CTRL                   0x00000831   Thumb Code     4  bsp_int.o(.text)
    BSP_IntHandlerFLASH                      0x00000835   Thumb Code     4  bsp_int.o(.text)
    BSP_IntHandlerGPIOF                      0x00000839   Thumb Code     4  bsp_int.o(.text)
    BSP_IntHandlerGPIOG                      0x0000083d   Thumb Code     4  bsp_int.o(.text)
    BSP_IntHandlerGPIOH                      0x00000841   Thumb Code     4  bsp_int.o(.text)
    BSP_IntHandlerUART2                      0x00000845   Thumb Code     4  bsp_int.o(.text)
    BSP_IntHandlerSSI1                       0x00000849   Thumb Code     4  bsp_int.o(.text)
    BSP_IntHandlerTMR3A                      0x0000084d   Thumb Code     4  bsp_int.o(.text)
    BSP_IntHandlerTMR3B                      0x00000851   Thumb Code     4  bsp_int.o(.text)
    BSP_IntHandlerI2C1                       0x00000855   Thumb Code     4  bsp_int.o(.text)
    BSP_IntHandlerCAN0                       0x00000859   Thumb Code     4  bsp_int.o(.text)
    BSP_IntHandlerCAN1                       0x0000085d   Thumb Code     4  bsp_int.o(.text)
    BSP_IntHandlerETHER_MAC                  0x00000861   Thumb Code     4  bsp_int.o(.text)
    BSP_IntHandlerHIB                        0x00000865   Thumb Code     4  bsp_int.o(.text)
    BSP_IntHandlerUSB_MAC                    0x00000869   Thumb Code     4  bsp_int.o(.text)
    BSP_IntHandlerPWM_GEN3                   0x0000086d   Thumb Code     4  bsp_int.o(.text)
    BSP_IntHandlerUDMA0_SOFT                 0x00000871   Thumb Code     4  bsp_int.o(.text)
    BSP_IntHandlerUDAM0_ERR                  0x00000875   Thumb Code     4  bsp_int.o(.text)
    BSP_IntHandlerADC1_0                     0x00000879   Thumb Code     4  bsp_int.o(.text)
    BSP_IntHandlerADC1_1                     0x0000087d   Thumb Code     4  bsp_int.o(.text)
    BSP_IntHandlerADC1_2                     0x00000881   Thumb Code     4  bsp_int.o(.text)
    BSP_IntHandlerADC1_3                     0x00000885   Thumb Code     4  bsp_int.o(.text)
    BSP_IntHandlerEPI0                       0x00000889   Thumb Code     4  bsp_int.o(.text)
    BSP_IntHandlerGPIOJ                      0x0000088d   Thumb Code     4  bsp_int.o(.text)
    BSP_IntHandlerGPIOK                      0x00000891   Thumb Code     4  bsp_int.o(.text)
    BSP_IntHandlerGPIOL                      0x00000895   Thumb Code     4  bsp_int.o(.text)
    BSP_IntHandlerSSI2                       0x00000899   Thumb Code     4  bsp_int.o(.text)
    BSP_IntHandlerSSI3                       0x0000089d   Thumb Code     4  bsp_int.o(.text)
    BSP_IntHandlerUART3                      0x000008a1   Thumb Code     4  bsp_int.o(.text)
    BSP_IntHandlerUART4                      0x000008a5   Thumb Code     4  bsp_int.o(.text)
    BSP_IntHandlerUART5                      0x000008a9   Thumb Code     4  bsp_int.o(.text)
    BSP_IntHandlerUART6                      0x000008ad   Thumb Code     4  bsp_int.o(.text)
    BSP_IntHandlerUART7                      0x000008b1   Thumb Code     4  bsp_int.o(.text)
    BSP_IntHandlerI2C2                       0x000008b5   Thumb Code     4  bsp_int.o(.text)
    BSP_IntHandlerI2C3                       0x000008b9   Thumb Code     4  bsp_int.o(.text)
    BSP_IntHandlerTMR4A                      0x000008bd   Thumb Code     4  bsp_int.o(.text)
    BSP_IntHandlerTMR4B                      0x000008c1   Thumb Code     4  bsp_int.o(.text)
    BSP_IntHandlerTMR5A                      0x000008c5   Thumb Code     4  bsp_int.o(.text)
    BSP_IntHandlerTMR5B                      0x000008c9   Thumb Code     4  bsp_int.o(.text)
    BSP_IntHandlerFP                         0x000008cd   Thumb Code     4  bsp_int.o(.text)
    BSP_IntHandlerRSVD68                     0x000008d1   Thumb Code     4  bsp_int.o(.text)
    BSP_IntHandlerRSVD69                     0x000008d5   Thumb Code     4  bsp_int.o(.text)
    BSP_IntHandlerI2C4                       0x000008d9   Thumb Code     4  bsp_int.o(.text)
    BSP_IntHandlerI2C5                       0x000008dd   Thumb Code     4  bsp_int.o(.text)
    BSP_IntHandlerGPIOM                      0x000008e1   Thumb Code     4  bsp_int.o(.text)
    BSP_IntHandlerGPION                      0x000008e5   Thumb Code     4  bsp_int.o(.text)
    BSP_IntHandlerRSVD74                     0x000008e9   Thumb Code     4  bsp_int.o(.text)
    BSP_IntHandlerTAMPER                     0x000008ed   Thumb Code     4  bsp_int.o(.text)
    BSP_IntHandlerGPIOP0                     0x000008f1   Thumb Code     4  bsp_int.o(.text)
    BSP_IntHandlerGPIOP1                     0x000008f5   Thumb Code     4  bsp_int.o(.text)
    BSP_IntHandlerGPIOP2                     0x000008f9   Thumb Code     4  bsp_int.o(.text)
    BSP_IntHandlerGPIOP3                     0x000008fd   Thumb Code     4  bsp_int.o(.text)
    BSP_IntHandlerGPIOP4                     0x00000901   Thumb Code     4  bsp_int.o(.text)
    BSP_IntHandlerGPIOP5                     0x00000905   Thumb Code     4  bsp_int.o(.text)
    BSP_IntHandlerGPIOP6                     0x00000909   Thumb Code     4  bsp_int.o(.text)
    BSP_IntHandlerGPIOP7                     0x0000090d   Thumb Code     4  bsp_int.o(.text)
    BSP_IntHandlerGPIOQ0                     0x00000911   Thumb Code     4  bsp_int.o(.text)
    BSP_IntHandlerGPIOQ1                     0x00000915   Thumb Code     4  bsp_int.o(.text)
    BSP_IntHandlerGPIOQ2                     0x00000919   Thumb Code     4  bsp_int.o(.text)
    BSP_IntHandlerGPIOQ3                     0x0000091d   Thumb Code     4  bsp_int.o(.text)
    BSP_IntHandlerGPIOQ4                     0x00000921   Thumb Code     4  bsp_int.o(.text)
    BSP_IntHandlerGPIOQ5                     0x00000925   Thumb Code     4  bsp_int.o(.text)
    BSP_IntHandlerGPIOQ6                     0x00000929   Thumb Code     4  bsp_int.o(.text)
    BSP_IntHandlerGPIOQ7                     0x0000092d   Thumb Code     4  bsp_int.o(.text)
    BSP_IntHandlerGPIOR                      0x00000931   Thumb Code     4  bsp_int.o(.text)
    BSP_IntHandlerGPIOS                      0x00000935   Thumb Code     4  bsp_int.o(.text)
    BSP_IntHandlerSHA_MD5                    0x00000939   Thumb Code     4  bsp_int.o(.text)
    BSP_IntHandlerAES                        0x0000093d   Thumb Code     4  bsp_int.o(.text)
    BSP_IntHandlerDES                        0x00000941   Thumb Code     4  bsp_int.o(.text)
    BSP_IntHandlerLCD                        0x00000945   Thumb Code     4  bsp_int.o(.text)
    BSP_IntHandlerTMR6A                      0x00000949   Thumb Code     4  bsp_int.o(.text)
    BSP_IntHandlerTMR6B                      0x0000094d   Thumb Code     4  bsp_int.o(.text)
    BSP_IntHandlerTMR7A                      0x00000951   Thumb Code     4  bsp_int.o(.text)
    BSP_IntHandlerTMR7B                      0x00000955   Thumb Code     4  bsp_int.o(.text)
    BSP_IntHandlerI2C6                       0x00000959   Thumb Code     4  bsp_int.o(.text)
    BSP_IntHandlerI2C7                       0x0000095d   Thumb Code     4  bsp_int.o(.text)
    BSP_IntHandlerRSVD104                    0x00000961   Thumb Code     4  bsp_int.o(.text)
    BSP_IntHandler1WIRE                      0x00000965   Thumb Code     4  bsp_int.o(.text)
    BSP_IntHandlerRSVD106                    0x00000969   Thumb Code     4  bsp_int.o(.text)
    BSP_IntHandlerRSVD107                    0x0000096d   Thumb Code     4  bsp_int.o(.text)
    BSP_IntHandlerRSVD108                    0x00000971   Thumb Code     4  bsp_int.o(.text)
    BSP_IntHandlerI2C8                       0x00000975   Thumb Code     4  bsp_int.o(.text)
    BSP_IntHandlerI2C9                       0x00000979   Thumb Code     4  bsp_int.o(.text)
    BSP_IntHandlerGPIOT                      0x0000097d   Thumb Code     4  bsp_int.o(.text)
    BSP_LED_Off                              0x00000989   Thumb Code    46  bsp_led.o(.text)
    BSP_LED_Init                             0x000009b7   Thumb Code    24  bsp_led.o(.text)
    BSP_LED_On                               0x000009cf   Thumb Code    50  bsp_led.o(.text)
    BSP_LED_Toggle                           0x00000a01   Thumb Code    66  bsp_led.o(.text)
    BSP_SysInit                              0x00000a55   Thumb Code     6  bsp_sys.o(.text)
    BSP_SysClkFreqGet                        0x00000a5b   Thumb Code     4  bsp_sys.o(.text)
    CPU_TS_TmrInit                           0x00000a65   Thumb Code    38  cpu_bsp.o(.text)
    CPU_TS_TmrRd                             0x00000a8b   Thumb Code     6  cpu_bsp.o(.text)
    CPU_TS32_to_uSec                         0x00000a91   Thumb Code    32  cpu_bsp.o(.text)
    StartCritical                            0x00000abd   Thumb Code     0  cstartup.o(.text)
    EndCritical                              0x00000ac5   Thumb Code     0  cstartup.o(.text)
    DisableInterrupts                        0x00000acb   Thumb Code     0  cstartup.o(.text)
    EnableInterrupts                         0x00000acf   Thumb Code     0  cstartup.o(.text)
    Reset_Handler                            0x00000ad3   Thumb Code     4  cstartup.o(.text)
    App_NMI_ISR                              0x00000ad7   Thumb Code     2  cstartup.o(.text)
    App_Fault_ISR                            0x00000ad9   Thumb Code     2  cstartup.o(.text)
    App_MemFault_ISR                         0x00000adb   Thumb Code     2  cstartup.o(.text)
    App_BusFault_ISR                         0x00000add   Thumb Code     2  cstartup.o(.text)
    App_UsageFault_ISR                       0x00000adf   Thumb Code     2  cstartup.o(.text)
    App_Spurious_ISR                         0x00000ae1   Thumb Code     2  cstartup.o(.text)
    App_Reserved_ISR                         0x00000ae3   Thumb Code     2  cstartup.o(.text)
    CPU_NameClr                              0x00000ae9   Thumb Code    26  cpu_core.o(.text)
    CPU_Init                                 0x00000b03   Thumb Code    18  cpu_core.o(.text)
    CPU_SW_Exception                         0x00000b15   Thumb Code     2  cpu_core.o(.text)
    CPU_NameGet                              0x00000b17   Thumb Code    46  cpu_core.o(.text)
    CPU_NameSet                              0x00000b45   Thumb Code    62  cpu_core.o(.text)
    CPU_TS_Get32                             0x00000b83   Thumb Code     4  cpu_core.o(.text)
    CPU_TS_Update                            0x00000b87   Thumb Code     2  cpu_core.o(.text)
    CPU_TS_TmrFreqGet                        0x00000b89   Thumb Code    24  cpu_core.o(.text)
    CPU_TS_TmrFreqSet                        0x00000ba1   Thumb Code     6  cpu_core.o(.text)
    CPU_CntLeadZeros08                       0x00000ba7   Thumb Code    10  cpu_core.o(.text)
    CPU_CntLeadZeros16                       0x00000bb1   Thumb Code    10  cpu_core.o(.text)
    CPU_CntLeadZeros32                       0x00000bbb   Thumb Code     4  cpu_core.o(.text)
    CPU_CntLeadZeros64                       0x00000bbf   Thumb Code   152  cpu_core.o(.text)
    CPU_CntTrailZeros08                      0x00000c57   Thumb Code    10  cpu_core.o(.text)
    CPU_CntTrailZeros16                      0x00000c61   Thumb Code    10  cpu_core.o(.text)
    CPU_CntTrailZeros32                      0x00000c6b   Thumb Code    10  cpu_core.o(.text)
    CPU_CntTrailZeros64                      0x00000c75   Thumb Code    36  cpu_core.o(.text)
    CPU_IntDis                               0x00000ca5   Thumb Code     0  cpu_a.o(.text)
    CPU_IntEn                                0x00000ca9   Thumb Code     0  cpu_a.o(.text)
    CPU_SR_Save                              0x00000cad   Thumb Code     0  cpu_a.o(.text)
    CPU_SR_Restore                           0x00000cb5   Thumb Code     0  cpu_a.o(.text)
    CPU_WaitForInt                           0x00000cbb   Thumb Code     0  cpu_a.o(.text)
    CPU_WaitForExcept                        0x00000cbf   Thumb Code     0  cpu_a.o(.text)
    CPU_CntLeadZeros                         0x00000cc3   Thumb Code     0  cpu_a.o(.text)
    CPU_CntTrailZeros                        0x00000cc9   Thumb Code     0  cpu_a.o(.text)
    CPU_RevBits                              0x00000cd3   Thumb Code     0  cpu_a.o(.text)
    CPU_BitBandClr                           0x00000cd9   Thumb Code    44  cpu_c.o(.text)
    CPU_BitBandSet                           0x00000d05   Thumb Code    44  cpu_c.o(.text)
    CPU_IntSrcDis                            0x00000d31   Thumb Code   146  cpu_c.o(.text)
    CPU_IntSrcEn                             0x00000dc3   Thumb Code   146  cpu_c.o(.text)
    CPU_IntSrcPendClr                        0x00000e55   Thumb Code    72  cpu_c.o(.text)
    CPU_IntSrcPrioSet                        0x00000e9d   Thumb Code   232  cpu_c.o(.text)
    CPU_IntSrcPrioGet                        0x00000f85   Thumb Code   200  cpu_c.o(.text)
    ASCII_IsAlpha                            0x00001055   Thumb Code    22  lib_ascii.o(.text)
    ASCII_IsAlphaNum                         0x0000106b   Thumb Code    28  lib_ascii.o(.text)
    ASCII_IsLower                            0x00001087   Thumb Code    14  lib_ascii.o(.text)
    ASCII_IsUpper                            0x00001095   Thumb Code    14  lib_ascii.o(.text)
    ASCII_IsDig                              0x000010a3   Thumb Code    14  lib_ascii.o(.text)
    ASCII_IsDigOct                           0x000010b1   Thumb Code    14  lib_ascii.o(.text)
    ASCII_IsDigHex                           0x000010bf   Thumb Code    28  lib_ascii.o(.text)
    ASCII_IsBlank                            0x000010db   Thumb Code    16  lib_ascii.o(.text)
    ASCII_IsSpace                            0x000010eb   Thumb Code    32  lib_ascii.o(.text)
    ASCII_IsPrint                            0x0000110b   Thumb Code    14  lib_ascii.o(.text)
    ASCII_IsGraph                            0x00001119   Thumb Code    14  lib_ascii.o(.text)
    ASCII_IsPunct                            0x00001127   Thumb Code    58  lib_ascii.o(.text)
    ASCII_IsCtrl                             0x00001161   Thumb Code    22  lib_ascii.o(.text)
    ASCII_ToLower                            0x00001177   Thumb Code    14  lib_ascii.o(.text)
    ASCII_ToUpper                            0x00001185   Thumb Code    14  lib_ascii.o(.text)
    ASCII_Cmp                                0x00001193   Thumb Code    28  lib_ascii.o(.text)
    Mem_Init                                 0x000011b1   Thumb Code    54  lib_mem.o(.text)
    Mem_Set                                  0x000011e7   Thumb Code    70  lib_mem.o(.text)
    Mem_Clr                                  0x0000122d   Thumb Code     6  lib_mem.o(.text)
    Mem_Move                                 0x00001233   Thumb Code   128  lib_mem.o(.text)
    Mem_Cmp                                  0x000012b3   Thumb Code   126  lib_mem.o(.text)
    Mem_HeapAlloc                            0x000013d1   Thumb Code   164  lib_mem.o(.text)
    Mem_SegGetSizeRem                        0x00001475   Thumb Code   114  lib_mem.o(.text)
    Mem_HeapGetSizeRem                       0x000014e7   Thumb Code     8  lib_mem.o(.text)
    Mem_PoolClr                              0x000014ef   Thumb Code    68  lib_mem.o(.text)
    Mem_PoolCreate                           0x00001533   Thumb Code   722  lib_mem.o(.text)
    Mem_PoolBlkGetNbrAvail                   0x00001805   Thumb Code    64  lib_mem.o(.text)
    Mem_PoolBlkGet                           0x00001845   Thumb Code   126  lib_mem.o(.text)
    Mem_PoolBlkGetUsedAtIx                   0x000018c3   Thumb Code   102  lib_mem.o(.text)
    Mem_PoolBlkFree                          0x0000196f   Thumb Code   206  lib_mem.o(.text)
    Mem_PoolBlkIxGet                         0x00001a3d   Thumb Code   186  lib_mem.o(.text)
    Str_Len_N                                0x00001afd   Thumb Code    22  lib_str.o(.text)
    Str_Len                                  0x00001b13   Thumb Code     6  lib_str.o(.text)
    Str_Copy_N                               0x00001b19   Thumb Code    48  lib_str.o(.text)
    Str_Copy                                 0x00001b49   Thumb Code     6  lib_str.o(.text)
    Str_Cat_N                                0x00001b4f   Thumb Code    58  lib_str.o(.text)
    Str_Cat                                  0x00001b89   Thumb Code     6  lib_str.o(.text)
    Str_Cmp_N                                0x00001b8f   Thumb Code    86  lib_str.o(.text)
    Str_Cmp                                  0x00001be5   Thumb Code     6  lib_str.o(.text)
    Str_CmpIgnoreCase_N                      0x00001beb   Thumb Code   146  lib_str.o(.text)
    Str_CmpIgnoreCase                        0x00001c7d   Thumb Code     6  lib_str.o(.text)
    Str_Char_N                               0x00001c83   Thumb Code    46  lib_str.o(.text)
    Str_Char                                 0x00001cb1   Thumb Code     8  lib_str.o(.text)
    Str_Char_Last_N                          0x00001cb9   Thumb Code    44  lib_str.o(.text)
    Str_Char_Last                            0x00001ce5   Thumb Code     8  lib_str.o(.text)
    Str_Char_Replace_N                       0x00001ced   Thumb Code    40  lib_str.o(.text)
    Str_Char_Replace                         0x00001d15   Thumb Code     6  lib_str.o(.text)
    Str_Str_N                                0x00001d1b   Thumb Code   120  lib_str.o(.text)
    Str_Str                                  0x00001d93   Thumb Code     6  lib_str.o(.text)
    Str_FmtNbr_Int32U                        0x00001ef1   Thumb Code    24  lib_str.o(.text)
    Str_FmtNbr_Int32S                        0x00001f09   Thumb Code    40  lib_str.o(.text)
    Str_ParseNbr_Int32U                      0x0000206b   Thumb Code    12  lib_str.o(.text)
    Str_ParseNbr_Int32S                      0x00002077   Thumb Code    42  lib_str.o(.text)
    Mem_Copy                                 0x000020a5   Thumb Code     0  lib_mem_a.o(.text)
    OS_StrLen                                0x000022c5   Thumb Code    20  os_core.o(.text)
    OSEventNameGet                           0x000022d9   Thumb Code    74  os_core.o(.text)
    OSEventNameSet                           0x00002323   Thumb Code    58  os_core.o(.text)
    OS_EventTaskRemoveMulti                  0x0000235d   Thumb Code    40  os_core.o(.text)
    OS_Sched                                 0x00002385   Thumb Code    64  os_core.o(.text)
    OS_EventTaskWaitMulti                    0x000023c5   Thumb Code    88  os_core.o(.text)
    OSEventPendMulti                         0x0000241d   Thumb Code   410  os_core.o(.text)
    OS_TaskStatStkChk                        0x000025b7   Thumb Code    50  os_core.o(.text)
    OS_TaskStat                              0x000025e9   Thumb Code    98  os_core.o(.text)
    OS_TaskIdle                              0x0000264b   Thumb Code    22  os_core.o(.text)
    OS_MemClr                                0x00002661   Thumb Code    18  os_core.o(.text)
    OSInit                                   0x00002673   Thumb Code   172  os_core.o(.text)
    OSIntEnter                               0x0000271f   Thumb Code    20  os_core.o(.text)
    OSIntExit                                0x00002733   Thumb Code    82  os_core.o(.text)
    OSSchedLock                              0x00002785   Thumb Code    38  os_core.o(.text)
    OSSchedUnlock                            0x000027ab   Thumb Code    52  os_core.o(.text)
    OSStart                                  0x000027df   Thumb Code    38  os_core.o(.text)
    OSStatInit                               0x00002805   Thumb Code    48  os_core.o(.text)
    OSTimeTick                               0x00002835   Thumb Code   154  os_core.o(.text)
    OSVersion                                0x000028cf   Thumb Code     6  os_core.o(.text)
    OS_Dummy                                 0x000028d5   Thumb Code     2  os_core.o(.text)
    OS_EventTaskRemove                       0x000028d7   Thumb Code    36  os_core.o(.text)
    OS_EventTaskRdy                          0x000028fb   Thumb Code   102  os_core.o(.text)
    OS_EventTaskWait                         0x00002961   Thumb Code    68  os_core.o(.text)
    OS_EventWaitListInit                     0x000029a5   Thumb Code    20  os_core.o(.text)
    OS_MemCopy                               0x000029b9   Thumb Code    20  os_core.o(.text)
    OS_TCBInit                               0x000029cd   Thumb Code   230  os_core.o(.text)
    OSFlagAccept                             0x00002be1   Thumb Code   154  os_flag.o(.text)
    OSFlagCreate                             0x00002c7b   Thumb Code    68  os_flag.o(.text)
    OS_FlagUnlink                            0x00002cbf   Thumb Code    32  os_flag.o(.text)
    OSFlagDel                                0x00002d25   Thumb Code   182  os_flag.o(.text)
    OSFlagNameGet                            0x00002ddb   Thumb Code    72  os_flag.o(.text)
    OSFlagNameSet                            0x00002e23   Thumb Code    50  os_flag.o(.text)
    OSFlagPend                               0x00002eab   Thumb Code   370  os_flag.o(.text)
    OSFlagPendGetFlagsRdy                    0x0000301d   Thumb Code    20  os_flag.o(.text)
    OSFlagPost                               0x00003031   Thumb Code   212  os_flag.o(.text)
    OSFlagQuery                              0x00003105   Thumb Code    38  os_flag.o(.text)
    OS_FlagInit                              0x0000312b   Thumb Code    64  os_flag.o(.text)
    OSMemCreate                              0x00003175   Thumb Code    86  os_mem.o(.text)
    OSMemGet                                 0x000031cb   Thumb Code    48  os_mem.o(.text)
    OSMemNameGet                             0x000031fb   Thumb Code    54  os_mem.o(.text)
    OSMemNameSet                             0x00003231   Thumb Code    36  os_mem.o(.text)
    OSMemPut                                 0x00003255   Thumb Code    46  os_mem.o(.text)
    OSMemQuery                               0x00003283   Thumb Code    46  os_mem.o(.text)
    OS_MemInit                               0x000032b1   Thumb Code    62  os_mem.o(.text)
    OSSemAccept                              0x00003301   Thumb Code    34  os_sem.o(.text)
    OSSemCreate                              0x00003323   Thumb Code    58  os_sem.o(.text)
    OSSemDel                                 0x0000335d   Thumb Code   188  os_sem.o(.text)
    OSSemPend                                0x00003419   Thumb Code   174  os_sem.o(.text)
    OSSemPendAbort                           0x000034c7   Thumb Code   110  os_sem.o(.text)
    OSSemPost                                0x00003535   Thumb Code    82  os_sem.o(.text)
    OSSemQuery                               0x00003587   Thumb Code    66  os_sem.o(.text)
    OSSemSet                                 0x000035c9   Thumb Code    52  os_sem.o(.text)
    OSTaskChangePrio                         0x00003611   Thumb Code   322  os_task.o(.text)
    OSTaskCreate                             0x00003753   Thumb Code   124  os_task.o(.text)
    OS_TaskStkClr                            0x000037cf   Thumb Code    22  os_task.o(.text)
    OSTaskCreateExt                          0x000037e5   Thumb Code   144  os_task.o(.text)
    OSTaskDel                                0x00003875   Thumb Code   274  os_task.o(.text)
    OSTaskDelReq                             0x00003987   Thumb Code    82  os_task.o(.text)
    OSTaskNameGet                            0x000039d9   Thumb Code   138  os_task.o(.text)
    OSTaskNameSet                            0x00003a63   Thumb Code    70  os_task.o(.text)
    OSTaskResume                             0x00003aa9   Thumb Code   120  os_task.o(.text)
    OSTaskStkChk                             0x00003b21   Thumb Code    94  os_task.o(.text)
    OSTaskSuspend                            0x00003b7f   Thumb Code   128  os_task.o(.text)
    OSTaskQuery                              0x00003bff   Thumb Code    74  os_task.o(.text)
    OSTaskRegGet                             0x00003c49   Thumb Code    50  os_task.o(.text)
    OSTaskRegGetID                           0x00003c7b   Thumb Code    40  os_task.o(.text)
    OSTaskRegSet                             0x00003ca3   Thumb Code    52  os_task.o(.text)
    OS_TaskReturn                            0x00003cd7   Thumb Code    18  os_task.o(.text)
    OSTimeDly                                0x00003d05   Thumb Code    82  os_time.o(.text)
    OSTimeDlyHMSM                            0x00003d57   Thumb Code    70  os_time.o(.text)
    OSTimeDlyResume                          0x00003d9d   Thumb Code   134  os_time.o(.text)
    OSTimeGet                                0x00003e23   Thumb Code    18  os_time.o(.text)
    OSTimeSet                                0x00003e35   Thumb Code    20  os_time.o(.text)
    OS_CPU_FP_Reg_Push                       0x00003e65   Thumb Code     0  os_cpu_a.o(.text)
    OS_CPU_FP_Reg_Pop                        0x00003e7f   Thumb Code     0  os_cpu_a.o(.text)
    OS_CPU_SR_Save                           0x00003e91   Thumb Code     0  os_cpu_a.o(.text)
    OS_CPU_SR_Restore                        0x00003e99   Thumb Code     0  os_cpu_a.o(.text)
    OSStartHighRdy                           0x00003e9f   Thumb Code     0  os_cpu_a.o(.text)
    OSCtxSw                                  0x00003ec7   Thumb Code     0  os_cpu_a.o(.text)
    OSIntCtxSw                               0x00003ed1   Thumb Code     0  os_cpu_a.o(.text)
    OS_CPU_PendSVHandler                     0x00003edb   Thumb Code     0  os_cpu_a.o(.text)
    OSInitHookBegin                          0x00003f41   Thumb Code    24  os_cpu_c.o(.text)
    OSInitHookEnd                            0x00003f59   Thumb Code     2  os_cpu_c.o(.text)
    OSTaskCreateHook                         0x00003f5b   Thumb Code     4  os_cpu_c.o(.text)
    OSTaskDelHook                            0x00003f5f   Thumb Code     4  os_cpu_c.o(.text)
    OSTaskIdleHook                           0x00003f63   Thumb Code     4  os_cpu_c.o(.text)
    OSTaskReturnHook                         0x00003f67   Thumb Code     4  os_cpu_c.o(.text)
    OSTaskStatHook                           0x00003f6b   Thumb Code     4  os_cpu_c.o(.text)
    OSTaskStkInit                            0x00003f6f   Thumb Code   322  os_cpu_c.o(.text)
    OSTaskSwHook                             0x000040b1   Thumb Code    42  os_cpu_c.o(.text)
    OSTCBInitHook                            0x000040db   Thumb Code     4  os_cpu_c.o(.text)
    OSTimeTickHook                           0x000040df   Thumb Code     4  os_cpu_c.o(.text)
    OS_CPU_SysTickHandler                    0x000040e3   Thumb Code    30  os_cpu_c.o(.text)
    OS_CPU_SysTickInit                       0x00004101   Thumb Code    36  os_cpu_c.o(.text)
    OSDebugInit                              0x000041a9   Thumb Code     2  os_dbg.o(.text)
    GPIODirModeSet                           0x000041ad   Thumb Code    38  gpio.o(.text)
    GPIODirModeGet                           0x000041d3   Thumb Code    38  gpio.o(.text)
    GPIOIntTypeSet                           0x000041f9   Thumb Code    78  gpio.o(.text)
    GPIOIntTypeGet                           0x00004247   Thumb Code    68  gpio.o(.text)
    GPIOPadConfigSet                         0x0000428b   Thumb Code   164  gpio.o(.text)
    GPIOPadConfigGet                         0x0000432f   Thumb Code   110  gpio.o(.text)
    GPIOIntEnable                            0x0000439d   Thumb Code    12  gpio.o(.text)
    GPIOIntDisable                           0x000043a9   Thumb Code    12  gpio.o(.text)
    GPIOIntStatus                            0x000043b5   Thumb Code    14  gpio.o(.text)
    GPIOIntClear                             0x000043c3   Thumb Code     6  gpio.o(.text)
    GPIOIntRegister                          0x000043c9   Thumb Code    26  gpio.o(.text)
    GPIOIntUnregister                        0x000043e3   Thumb Code    22  gpio.o(.text)
    GPIOPinRead                              0x000043f9   Thumb Code     6  gpio.o(.text)
    GPIOPinWrite                             0x000043ff   Thumb Code     6  gpio.o(.text)
    GPIOPinTypeADC                           0x00004405   Thumb Code    26  gpio.o(.text)
    GPIOPinTypeCAN                           0x0000441f   Thumb Code    26  gpio.o(.text)
    GPIOPinTypeComparator                    0x00004439   Thumb Code    26  gpio.o(.text)
    GPIOPinTypeEPI                           0x00004453   Thumb Code    26  gpio.o(.text)
    GPIOPinTypeEthernetLED                   0x0000446d   Thumb Code    26  gpio.o(.text)
    GPIOPinTypeEthernetMII                   0x00004487   Thumb Code    26  gpio.o(.text)
    GPIOPinTypeFan                           0x000044a1   Thumb Code    26  gpio.o(.text)
    GPIOPinTypeGPIOInput                     0x000044bb   Thumb Code    26  gpio.o(.text)
    GPIOPinTypeGPIOOutput                    0x000044d5   Thumb Code    26  gpio.o(.text)
    GPIOPinTypeGPIOOutputOD                  0x000044ef   Thumb Code    26  gpio.o(.text)
    GPIOPinTypeI2C                           0x00004509   Thumb Code    26  gpio.o(.text)
    GPIOPinTypeI2CSCL                        0x00004523   Thumb Code    26  gpio.o(.text)
    GPIOPinTypeLPC                           0x0000453d   Thumb Code    26  gpio.o(.text)
    GPIOPinTypePECIRx                        0x00004557   Thumb Code    26  gpio.o(.text)
    GPIOPinTypePECITx                        0x00004571   Thumb Code    26  gpio.o(.text)
    GPIOPinTypePWM                           0x0000458b   Thumb Code    26  gpio.o(.text)
    GPIOPinTypeQEI                           0x000045a5   Thumb Code    26  gpio.o(.text)
    GPIOPinTypeSSI                           0x000045bf   Thumb Code    26  gpio.o(.text)
    GPIOPinTypeTimer                         0x000045d9   Thumb Code    26  gpio.o(.text)
    GPIOPinTypeUART                          0x000045f3   Thumb Code    26  gpio.o(.text)
    GPIOPinTypeUSBAnalog                     0x0000460d   Thumb Code    26  gpio.o(.text)
    GPIOPinTypeUSBDigital                    0x00004627   Thumb Code    26  gpio.o(.text)
    GPIOPinConfigure                         0x00004641   Thumb Code    58  gpio.o(.text)
    GPIODMATriggerEnable                     0x0000467b   Thumb Code    12  gpio.o(.text)
    GPIODMATriggerDisable                    0x00004687   Thumb Code    12  gpio.o(.text)
    GPIOADCTriggerEnable                     0x00004693   Thumb Code    12  gpio.o(.text)
    GPIOADCTriggerDisable                    0x0000469f   Thumb Code    12  gpio.o(.text)
    I2CMasterEnable                          0x000046d9   Thumb Code    10  i2c.o(.text)
    I2CMasterInitExpClk                      0x000046e3   Thumb Code    68  i2c.o(.text)
    I2CSlaveEnable                           0x00004727   Thumb Code    16  i2c.o(.text)
    I2CSlaveInit                             0x00004737   Thumb Code    16  i2c.o(.text)
    I2CSlaveAddressSet                       0x00004747   Thumb Code    22  i2c.o(.text)
    I2CMasterDisable                         0x0000475d   Thumb Code    10  i2c.o(.text)
    I2CSlaveDisable                          0x00004767   Thumb Code    16  i2c.o(.text)
    I2CIntRegister                           0x00004777   Thumb Code    26  i2c.o(.text)
    I2CIntUnregister                         0x00004791   Thumb Code    22  i2c.o(.text)
    I2CMasterIntEnable                       0x000047a7   Thumb Code     6  i2c.o(.text)
    I2CMasterIntEnableEx                     0x000047ad   Thumb Code     8  i2c.o(.text)
    I2CSlaveIntEnable                        0x000047b5   Thumb Code    14  i2c.o(.text)
    I2CSlaveIntEnableEx                      0x000047c3   Thumb Code    12  i2c.o(.text)
    I2CMasterIntDisable                      0x000047cf   Thumb Code     6  i2c.o(.text)
    I2CMasterIntDisableEx                    0x000047d5   Thumb Code     8  i2c.o(.text)
    I2CSlaveIntDisable                       0x000047dd   Thumb Code    14  i2c.o(.text)
    I2CSlaveIntDisableEx                     0x000047eb   Thumb Code    12  i2c.o(.text)
    I2CMasterIntStatus                       0x000047f7   Thumb Code    16  i2c.o(.text)
    I2CMasterIntStatusEx                     0x00004807   Thumb Code    10  i2c.o(.text)
    I2CSlaveIntStatus                        0x00004811   Thumb Code    20  i2c.o(.text)
    I2CSlaveIntStatusEx                      0x00004825   Thumb Code    14  i2c.o(.text)
    I2CMasterIntClear                        0x00004833   Thumb Code     8  i2c.o(.text)
    I2CMasterIntClearEx                      0x0000483b   Thumb Code     4  i2c.o(.text)
    I2CSlaveIntClear                         0x0000483f   Thumb Code     8  i2c.o(.text)
    I2CSlaveIntClearEx                       0x00004847   Thumb Code     6  i2c.o(.text)
    I2CMasterSlaveAddrSet                    0x0000484d   Thumb Code     8  i2c.o(.text)
    I2CMasterLineStateGet                    0x00004855   Thumb Code     4  i2c.o(.text)
    I2CMasterBusy                            0x00004859   Thumb Code    10  i2c.o(.text)
    I2CMasterBusBusy                         0x00004863   Thumb Code    14  i2c.o(.text)
    I2CMasterControl                         0x00004871   Thumb Code     4  i2c.o(.text)
    I2CMasterErr                             0x00004875   Thumb Code    22  i2c.o(.text)
    I2CMasterDataPut                         0x0000488b   Thumb Code     4  i2c.o(.text)
    I2CMasterDataGet                         0x0000488f   Thumb Code     4  i2c.o(.text)
    I2CMasterTimeoutSet                      0x00004893   Thumb Code     4  i2c.o(.text)
    I2CSlaveACKOverride                      0x00004897   Thumb Code    24  i2c.o(.text)
    I2CSlaveACKValueSet                      0x000048af   Thumb Code    24  i2c.o(.text)
    I2CSlaveStatus                           0x000048c7   Thumb Code     6  i2c.o(.text)
    I2CSlaveDataPut                          0x000048cd   Thumb Code     6  i2c.o(.text)
    I2CSlaveDataGet                          0x000048d3   Thumb Code     6  i2c.o(.text)
    IntMasterEnable                          0x0000490f   Thumb Code    14  interrupt.o(.text)
    IntMasterDisable                         0x0000491d   Thumb Code    14  interrupt.o(.text)
    IntRegister                              0x0000492b   Thumb Code    38  interrupt.o(.text)
    IntUnregister                            0x00004951   Thumb Code    10  interrupt.o(.text)
    IntPriorityGroupingSet                   0x0000495b   Thumb Code    18  interrupt.o(.text)
    IntPriorityGroupingGet                   0x0000496d   Thumb Code    30  interrupt.o(.text)
    IntPrioritySet                           0x0000498b   Thumb Code    32  interrupt.o(.text)
    IntPriorityGet                           0x000049ab   Thumb Code    22  interrupt.o(.text)
    IntEnable                                0x000049c1   Thumb Code    88  interrupt.o(.text)
    IntDisable                               0x00004a19   Thumb Code    88  interrupt.o(.text)
    IntIsEnabled                             0x00004a71   Thumb Code    90  interrupt.o(.text)
    IntPendSet                               0x00004acb   Thumb Code    70  interrupt.o(.text)
    IntPendClear                             0x00004b11   Thumb Code    58  interrupt.o(.text)
    IntPriorityMaskSet                       0x00004b4b   Thumb Code     4  interrupt.o(.text)
    IntPriorityMaskGet                       0x00004b4f   Thumb Code     4  interrupt.o(.text)
    IntTrigger                               0x00004b53   Thumb Code     8  interrupt.o(.text)
    SysCtlSRAMSizeGet                        0x00004b75   Thumb Code    10  sysctl.o(.text)
    SysCtlFlashSizeGet                       0x00004b7f   Thumb Code    16  sysctl.o(.text)
    SysCtlPeripheralPresent                  0x00004b8f   Thumb Code    40  sysctl.o(.text)
    SysCtlPeripheralReady                    0x00004bb7   Thumb Code    40  sysctl.o(.text)
    SysCtlPeripheralPowerOn                  0x00004bdf   Thumb Code    36  sysctl.o(.text)
    SysCtlPeripheralPowerOff                 0x00004c03   Thumb Code    36  sysctl.o(.text)
    SysCtlPeripheralReset                    0x00004c27   Thumb Code    54  sysctl.o(.text)
    SysCtlPeripheralEnable                   0x00004c5d   Thumb Code    36  sysctl.o(.text)
    SysCtlPeripheralDisable                  0x00004c81   Thumb Code    36  sysctl.o(.text)
    SysCtlPeripheralSleepEnable              0x00004ca5   Thumb Code    36  sysctl.o(.text)
    SysCtlPeripheralSleepDisable             0x00004cc9   Thumb Code    36  sysctl.o(.text)
    SysCtlPeripheralDeepSleepEnable          0x00004ced   Thumb Code    36  sysctl.o(.text)
    SysCtlPeripheralDeepSleepDisable         0x00004d11   Thumb Code    36  sysctl.o(.text)
    SysCtlPeripheralClockGating              0x00004d35   Thumb Code    24  sysctl.o(.text)
    SysCtlIntRegister                        0x00004d4d   Thumb Code    20  sysctl.o(.text)
    SysCtlIntUnregister                      0x00004d61   Thumb Code    18  sysctl.o(.text)
    SysCtlIntEnable                          0x00004d73   Thumb Code    12  sysctl.o(.text)
    SysCtlIntDisable                         0x00004d7f   Thumb Code    12  sysctl.o(.text)
    SysCtlIntClear                           0x00004d8b   Thumb Code     8  sysctl.o(.text)
    SysCtlIntStatus                          0x00004d93   Thumb Code    14  sysctl.o(.text)
    SysCtlReset                              0x00004da1   Thumb Code     8  sysctl.o(.text)
    SysCtlSleep                              0x00004da9   Thumb Code     4  sysctl.o(.text)
    SysCtlDeepSleep                          0x00004dad   Thumb Code    28  sysctl.o(.text)
    SysCtlResetCauseGet                      0x00004dc9   Thumb Code     8  sysctl.o(.text)
    SysCtlResetCauseClear                    0x00004dd1   Thumb Code    12  sysctl.o(.text)
    SysCtlMOSCConfigSet                      0x00004ddd   Thumb Code     8  sysctl.o(.text)
    SysCtlPIOSCCalibrate                     0x00004de5   Thumb Code    64  sysctl.o(.text)
    SysCtlClockSet                           0x00004e25   Thumb Code   250  sysctl.o(.text)
    SysCtlClockGet                           0x00004f1f   Thumb Code   274  sysctl.o(.text)
    SysCtlDeepSleepClockSet                  0x00005031   Thumb Code     8  sysctl.o(.text)
    SysCtlPWMClockSet                        0x00005039   Thumb Code    14  sysctl.o(.text)
    SysCtlPWMClockGet                        0x00005047   Thumb Code    20  sysctl.o(.text)
    SysCtlADCSpeedSet                        0x0000505b   Thumb Code    32  sysctl.o(.text)
    SysCtlADCSpeedGet                        0x0000507b   Thumb Code    12  sysctl.o(.text)
    SysCtlGPIOAHBEnable                      0x00005087   Thumb Code    18  sysctl.o(.text)
    SysCtlGPIOAHBDisable                     0x00005099   Thumb Code    18  sysctl.o(.text)
    SysCtlUSBPLLEnable                       0x000050ab   Thumb Code    12  sysctl.o(.text)
    SysCtlUSBPLLDisable                      0x000050b7   Thumb Code    12  sysctl.o(.text)
    UARTParityModeSet                        0x000050d1   Thumb Code    12  uart.o(.text)
    UARTParityModeGet                        0x000050dd   Thumb Code     8  uart.o(.text)
    UARTFIFOLevelSet                         0x000050e5   Thumb Code     6  uart.o(.text)
    UARTFIFOLevelGet                         0x000050eb   Thumb Code    16  uart.o(.text)
    UARTEnable                               0x000050fb   Thumb Code    20  uart.o(.text)
    UARTDisable                              0x0000510f   Thumb Code    26  uart.o(.text)
    UARTConfigSetExpClk                      0x00005129   Thumb Code    70  uart.o(.text)
    UARTConfigGetExpClk                      0x0000516f   Thumb Code    38  uart.o(.text)
    UARTFIFOEnable                           0x00005195   Thumb Code    10  uart.o(.text)
    UARTFIFODisable                          0x0000519f   Thumb Code    10  uart.o(.text)
    UARTEnableSIR                            0x000051a9   Thumb Code    20  uart.o(.text)
    UARTDisableSIR                           0x000051bd   Thumb Code    10  uart.o(.text)
    UARTSmartCardEnable                      0x000051c7   Thumb Code    22  uart.o(.text)
    UARTSmartCardDisable                     0x000051dd   Thumb Code    10  uart.o(.text)
    UARTModemControlSet                      0x000051e7   Thumb Code    12  uart.o(.text)
    UARTModemControlClear                    0x000051f3   Thumb Code    12  uart.o(.text)
    UARTModemControlGet                      0x000051ff   Thumb Code     8  uart.o(.text)
    UARTModemStatusGet                       0x00005207   Thumb Code    10  uart.o(.text)
    UARTFlowControlSet                       0x00005211   Thumb Code    12  uart.o(.text)
    UARTFlowControlGet                       0x0000521d   Thumb Code     8  uart.o(.text)
    UARTTxIntModeSet                         0x00005225   Thumb Code    12  uart.o(.text)
    UARTTxIntModeGet                         0x00005231   Thumb Code     8  uart.o(.text)
    UARTCharsAvail                           0x00005239   Thumb Code    10  uart.o(.text)
    UARTSpaceAvail                           0x00005243   Thumb Code    10  uart.o(.text)
    UARTCharGetNonBlocking                   0x0000524d   Thumb Code    16  uart.o(.text)
    UARTCharGet                              0x0000525d   Thumb Code    10  uart.o(.text)
    UARTCharPutNonBlocking                   0x00005267   Thumb Code    16  uart.o(.text)
    UARTCharPut                              0x00005277   Thumb Code    10  uart.o(.text)
    UARTBreakCtl                             0x00005281   Thumb Code    20  uart.o(.text)
    UARTBusy                                 0x00005295   Thumb Code     8  uart.o(.text)
    UARTIntRegister                          0x0000529d   Thumb Code    26  uart.o(.text)
    UARTIntUnregister                        0x000052b7   Thumb Code    22  uart.o(.text)
    UARTIntEnable                            0x000052cd   Thumb Code     8  uart.o(.text)
    UARTIntDisable                           0x000052d5   Thumb Code     8  uart.o(.text)
    UARTIntStatus                            0x000052dd   Thumb Code    10  uart.o(.text)
    UARTIntClear                             0x000052e7   Thumb Code     4  uart.o(.text)
    UARTDMAEnable                            0x000052eb   Thumb Code     8  uart.o(.text)
    UARTDMADisable                           0x000052f3   Thumb Code     8  uart.o(.text)
    UARTRxErrorGet                           0x000052fb   Thumb Code     8  uart.o(.text)
    UARTRxErrorClear                         0x00005303   Thumb Code     6  uart.o(.text)
    UARTClockSourceSet                       0x00005309   Thumb Code     6  uart.o(.text)
    UARTClockSourceGet                       0x0000530f   Thumb Code     6  uart.o(.text)
    UART9BitEnable                           0x00005315   Thumb Code    12  uart.o(.text)
    UART9BitDisable                          0x00005321   Thumb Code    12  uart.o(.text)
    UART9BitAddrSet                          0x0000532d   Thumb Code     8  uart.o(.text)
    UART9BitAddrSend                         0x00005335   Thumb Code    38  uart.o(.text)
    UARTStdioConfig                          0x00005381   Thumb Code    70  uartstdio.o(.text)
    UARTwrite                                0x000053c7   Thumb Code    46  uartstdio.o(.text)
    UARTgets                                 0x000053f5   Thumb Code   106  uartstdio.o(.text)
    UARTgetc                                 0x0000545f   Thumb Code    14  uartstdio.o(.text)
    UARTvprintf                              0x0000546d   Thumb Code   422  uartstdio.o(.text)
    UARTprintf                               0x00005613   Thumb Code    18  uartstdio.o(.text)
    Init_I2C0                                0x00005641   Thumb Code    52  ports.o(.text)
    Ports_Init                               0x00005675   Thumb Code   130  ports.o(.text)
    Get_Temp                                 0x000056f7   Thumb Code    98  ports.o(.text)
    Get_Brightness                           0x00005759   Thumb Code    18  ports.o(.text)
    Get_SoilMoisture                         0x0000576b   Thumb Code     4  ports.o(.text)
    Get_EnviromentInfo                       0x0000576f   Thumb Code    30  ports.o(.text)
    InitI2C0                                 0x000057a5   Thumb Code    74  easy_i2c.o(.text)
    I2CSend                                  0x000057ef   Thumb Code   150  easy_i2c.o(.text)
    I2CReceive                               0x00005885   Thumb Code   142  easy_i2c.o(.text)
    Delay                                    0x00005935   Thumb Code    12  sht31.o(.text)
    delay                                    0x00005941   Thumb Code    14  sht31.o(.text)
    SHT31_readCommand                        0x0000594f   Thumb Code    18  sht31.o(.text)
    SHT31_readStatus                         0x00005961   Thumb Code    30  sht31.o(.text)
    SHT31_writeCommand                       0x0000597f   Thumb Code    18  sht31.o(.text)
    SHT31_reset                              0x00005991   Thumb Code    18  sht31.o(.text)
    SHT31_begin                              0x000059a3   Thumb Code    26  sht31.o(.text)
    SHT31_readTemperature                    0x000059bd   Thumb Code     6  sht31.o(.text)
    SHT31_readHumidity                       0x000059c3   Thumb Code     6  sht31.o(.text)
    SHT31_readTempHum                        0x000059c9   Thumb Code    70  sht31.o(.text)
    veml_getGain                             0x00005a1d   Thumb Code    14  veml7700.o(.text)
    veml_sendData                            0x00005a2b   Thumb Code    30  veml7700.o(.text)
    veml_setGain                             0x00005a49   Thumb Code    14  veml7700.o(.text)
    veml_setIntegrationTime                  0x00005a57   Thumb Code    14  veml7700.o(.text)
    veml_getIntegrationTime                  0x00005a65   Thumb Code    14  veml7700.o(.text)
    veml_begin                               0x00005a73   Thumb Code    50  veml7700.o(.text)
    veml_receiveData                         0x00005aa5   Thumb Code    24  veml7700.o(.text)
    veml_getALS                              0x00005abd   Thumb Code     6  veml7700.o(.text)
    lc                                       0x00005acd   Thumb Code    14  esp8266.o(.text)
    SearchStart                              0x00005adb   Thumb Code    24  esp8266.o(.text)
    SearchCheck                              0x00005af3   Thumb Code    52  esp8266.o(.text)
    ServerResponseSearchStart                0x00005b27   Thumb Code    28  esp8266.o(.text)
    ServerResponseSearchCheck                0x00005b43   Thumb Code   132  esp8266.o(.text)
    ESP8266_InitUART                         0x00005bc7   Thumb Code   182  esp8266.o(.text)
    ESP8266FIFOtoBuffer                      0x00005c7d   Thumb Code    86  esp8266.o(.text)
    UART1_Handler                            0x00005cd3   Thumb Code    36  esp8266.o(.text)
    ESP8266_EnableRXInterrupt                0x00005cf7   Thumb Code    12  esp8266.o(.text)
    ESP8266_DisableRXInterrupt               0x00005d03   Thumb Code    12  esp8266.o(.text)
    ESP8266_PrintChar                        0x00005d0f   Thumb Code    12  esp8266.o(.text)
    ESP8266SendCommand                       0x00005d1b   Thumb Code    22  esp8266.o(.text)
    ESP8266SendBuffer                        0x00005d31   Thumb Code    24  esp8266.o(.text)
    DelayMs                                  0x00005d49   Thumb Code    26  esp8266.o(.text)
    DelayMsSearching                         0x00005d63   Thumb Code    38  esp8266.o(.text)
    ESP8266_SetDataTransmissionMode          0x00005d89   Thumb Code    60  esp8266.o(.text)
    ESP8266_ListAccessPoints                 0x00005dc5   Thumb Code    44  esp8266.o(.text)
    ESP8266_GetIPAddress                     0x00005df1   Thumb Code    44  esp8266.o(.text)
    ESP8266_JoinAccessPoint                  0x00005e1d   Thumb Code    62  esp8266.o(.text)
    ESP8266_SetWifiMode                      0x00005e5b   Thumb Code    62  esp8266.o(.text)
    ESP8266_Reset                            0x00005e99   Thumb Code   260  esp8266.o(.text)
    ESP8266_Init                             0x00005f9d   Thumb Code   146  esp8266.o(.text)
    ESP8266_SetConnectionMux                 0x0000602f   Thumb Code    60  esp8266.o(.text)
    ESP8266_QuitAccessPoint                  0x0000606b   Thumb Code    46  esp8266.o(.text)
    ESP8266_ConfigureAccessPoint             0x00006099   Thumb Code    74  esp8266.o(.text)
    ESP8266_MakeTCPConnection                0x000060e3   Thumb Code    64  esp8266.o(.text)
    ESP8266_SendTCP                          0x00006123   Thumb Code    88  esp8266.o(.text)
    ESP8266_CloseTCPConnection               0x0000617b   Thumb Code    46  esp8266.o(.text)
    ESP8266_GetStatus                        0x000061a9   Thumb Code    46  esp8266.o(.text)
    ESP8266_GetVersionNumber                 0x000061d7   Thumb Code    46  esp8266.o(.text)
    ESP8266_SetServerTimeout                 0x00006205   Thumb Code    24  esp8266.o(.text)
    ESP8266_EnableServer                     0x0000621d   Thumb Code    24  esp8266.o(.text)
    ESP8266_DisableServer                    0x00006235   Thumb Code    56  esp8266.o(.text)
    ESP8266ProcessInput                      0x0000626d   Thumb Code   654  esp8266.o(.text)
    HTTP_ServePage                           0x000064fb   Thumb Code   100  esp8266.o(.text)
    RxFifo_Init                              0x000065a5   Thumb Code    22  uart_1.o(.text)
    RxFifo_Put                               0x000065bb   Thumb Code    36  uart_1.o(.text)
    RxFifo_Get                               0x000065df   Thumb Code    36  uart_1.o(.text)
    RxFifo_Size                              0x00006603   Thumb Code    12  uart_1.o(.text)
    TxFifo_Init                              0x0000660f   Thumb Code    22  uart_1.o(.text)
    TxFifo_Put                               0x00006625   Thumb Code    36  uart_1.o(.text)
    TxFifo_Get                               0x00006649   Thumb Code    36  uart_1.o(.text)
    TxFifo_Size                              0x0000666d   Thumb Code    12  uart_1.o(.text)
    UART_Init                                0x00006679   Thumb Code   152  uart_1.o(.text)
    UART_InChar                              0x00006711   Thumb Code    18  uart_1.o(.text)
    UART_InCharNonBlock                      0x00006723   Thumb Code    18  uart_1.o(.text)
    UART_OutChar                             0x00006735   Thumb Code    38  uart_1.o(.text)
    UART_OutCharNonBlock                     0x0000675b   Thumb Code    34  uart_1.o(.text)
    UART0_Handler                            0x0000677d   Thumb Code    66  uart_1.o(.text)
    UART_OutString                           0x000067bf   Thumb Code    20  uart_1.o(.text)
    UART_InUDec                              0x000067d3   Thumb Code    64  uart_1.o(.text)
    UART_OutUDec                             0x00006813   Thumb Code    36  uart_1.o(.text)
    UART_InUHex                              0x00006837   Thumb Code    74  uart_1.o(.text)
    UART_OutUHex                             0x00006881   Thumb Code    42  uart_1.o(.text)
    UART_InString                            0x000068ab   Thumb Code    54  uart_1.o(.text)
    fputc                                    0x000068e1   Thumb Code    12  uart_1.o(.text)
    Output_Init                              0x000068ed   Thumb Code     2  uart_1.o(.text)
    __aeabi_uldivmod                         0x00006955   Thumb Code    98  uldiv.o(.text)
    __aeabi_memcpy                           0x000069b7   Thumb Code    36  memcpya.o(.text)
    __aeabi_memcpy4                          0x000069b7   Thumb Code     0  memcpya.o(.text)
    __aeabi_memcpy8                          0x000069b7   Thumb Code     0  memcpya.o(.text)
    strstr                                   0x000069db   Thumb Code    36  strstr.o(.text)
    strlen                                   0x000069ff   Thumb Code    14  strlen.o(.text)
    strcpy                                   0x00006a0d   Thumb Code    18  strcpy.o(.text)
    __aeabi_uidiv                            0x00006a1f   Thumb Code     0  uidiv.o(.text)
    __aeabi_uidivmod                         0x00006a1f   Thumb Code    44  uidiv.o(.text)
    __aeabi_llsl                             0x00006a4b   Thumb Code    30  llshl.o(.text)
    _ll_shift_l                              0x00006a4b   Thumb Code     0  llshl.o(.text)
    __aeabi_llsr                             0x00006a69   Thumb Code    32  llushr.o(.text)
    _ll_ushift_r                             0x00006a69   Thumb Code     0  llushr.o(.text)
    __scatterload                            0x00006a89   Thumb Code    28  init.o(.text)
    __scatterload_rt2                        0x00006a89   Thumb Code     0  init.o(.text)
    __decompress                             0x00006aad   Thumb Code     0  __dczerorl.o(.text)
    __decompress0                            0x00006aad   Thumb Code    58  __dczerorl.o(.text)
    MQTTPacket_encode                        0x00006ae7   Thumb Code    54  mqttpacket.o(i.MQTTPacket_encode)
    MQTTPacket_len                           0x00006b1d   Thumb Code    34  mqttpacket.o(i.MQTTPacket_len)
    MQTTSerialize_connect                    0x00006b45   Thumb Code   342  mqttconnectclient.o(i.MQTTSerialize_connect)
    MQTTSerialize_connectLength              0x00006cad   Thumb Code   118  mqttconnectclient.o(i.MQTTSerialize_connectLength)
    MQTTSerialize_disconnect                 0x00006d23   Thumb Code    18  mqttconnectclient.o(i.MQTTSerialize_disconnect)
    MQTTSerialize_publish                    0x00006d35   Thumb Code   176  mqttserializepublish.o(i.MQTTSerialize_publish)
    MQTTSerialize_publishLength              0x00006de5   Thumb Code    34  mqttserializepublish.o(i.MQTTSerialize_publishLength)
    MQTTSerialize_zero                       0x00006e07   Thumb Code    76  mqttconnectclient.o(i.MQTTSerialize_zero)
    MQTTstrlen                               0x00006e53   Thumb Code    24  mqttpacket.o(i.MQTTstrlen)
    __0printf$3                              0x00006e6d   Thumb Code    22  printf3.o(i.__0printf$3)
    __1printf$3                              0x00006e6d   Thumb Code     0  printf3.o(i.__0printf$3)
    __2printf                                0x00006e6d   Thumb Code     0  printf3.o(i.__0printf$3)
    __0sprintf$3                             0x00006e8d   Thumb Code    34  printf3.o(i.__0sprintf$3)
    __1sprintf$3                             0x00006e8d   Thumb Code     0  printf3.o(i.__0sprintf$3)
    __2sprintf                               0x00006e8d   Thumb Code     0  printf3.o(i.__0sprintf$3)
    __scatterload_copy                       0x00006eb5   Thumb Code    14  handlers.o(i.__scatterload_copy)
    __scatterload_null                       0x00006ec3   Thumb Code     2  handlers.o(i.__scatterload_null)
    __scatterload_zeroinit                   0x00006ec5   Thumb Code    14  handlers.o(i.__scatterload_zeroinit)
    malloc                                   0x00007099   Thumb Code    92  malloc.o(i.malloc)
    writeCString                             0x00007105   Thumb Code    40  mqttpacket.o(i.writeCString)
    writeChar                                0x0000712d   Thumb Code    12  mqttpacket.o(i.writeChar)
    writeInt                                 0x00007139   Thumb Code    48  mqttpacket.o(i.writeInt)
    writeMQTTString                          0x00007169   Thumb Code    62  mqttpacket.o(i.writeMQTTString)
    OSUnMapTbl                               0x00007394   Data         256  os_core.o(.constdata)
    Region$$Table$$Base                      0x00007844   Number         0  anon$$obj.o(Region$$Table)
    Region$$Table$$Limit                     0x00007864   Number         0  anon$$obj.o(Region$$Table)
    err                                      0x20000000   Data           1  app.o(.data)
    soil_temp                                0x20000001   Data           1  app.o(.data)
    lumens                                   0x20000002   Data           2  app.o(.data)
    th_sem                                   0x2000000c   Data           4  app.o(.data)
    lum_sem                                  0x20000010   Data           4  app.o(.data)
    temp_sem                                 0x20000014   Data           4  app.o(.data)
    moist_sem                                0x20000018   Data           4  app.o(.data)
    print_sem                                0x2000001c   Data           4  app.o(.data)
    soil_moist                               0x20000020   Data           4  app.o(.data)
    env_th                                   0x20000024   Data           4  app.o(.data)
    CPU_TS_TmrFreq_Hz                        0x20000028   Data           4  cpu_core.o(.data)
    Mem_PoolTbl                              0x2000002c   Data           4  lib_mem.o(.data)
    OSCPUUsage                               0x20000030   Data           1  os_core.o(.data)
    OSStatRdy                                0x20000031   Data           1  os_core.o(.data)
    OSIntNesting                             0x20000032   Data           1  os_core.o(.data)
    OSLockNesting                            0x20000033   Data           1  os_core.o(.data)
    OSPrioCur                                0x20000034   Data           1  os_core.o(.data)
    OSPrioHighRdy                            0x20000035   Data           1  os_core.o(.data)
    OSRdyGrp                                 0x20000036   Data           1  os_core.o(.data)
    OSRunning                                0x20000037   Data           1  os_core.o(.data)
    OSTaskCtr                                0x20000038   Data           1  os_core.o(.data)
    OSTickStepState                          0x20000039   Data           1  os_core.o(.data)
    OSTaskRegNextAvailID                     0x2000003a   Data           1  os_core.o(.data)
    OSCtxSwCtr                               0x2000003c   Data           4  os_core.o(.data)
    OSEventFreeList                          0x20000040   Data           4  os_core.o(.data)
    OSIdleCtrMax                             0x20000044   Data           4  os_core.o(.data)
    OSIdleCtrRun                             0x20000048   Data           4  os_core.o(.data)
    OSIdleCtr                                0x2000004c   Data           4  os_core.o(.data)
    OSTCBCur                                 0x20000050   Data           4  os_core.o(.data)
    OSTCBFreeList                            0x20000054   Data           4  os_core.o(.data)
    OSTCBHighRdy                             0x20000058   Data           4  os_core.o(.data)
    OSTCBList                                0x2000005c   Data           4  os_core.o(.data)
    OSTime                                   0x20000060   Data           4  os_core.o(.data)
    OSRdyTbl                                 0x20000064   Data           8  os_core.o(.data)
    OSFlagFreeList                           0x2000006c   Data           4  os_core.o(.data)
    OSMemFreeList                            0x20000070   Data           4  os_core.o(.data)
    OS_CPU_ExceptStkBase                     0x20000074   Data           4  os_cpu_c.o(.data)
    humidity                                 0x20000080   Data           4  sht31.o(.data)
    temp                                     0x20000084   Data           4  sht31.o(.data)
    ESP8266_EchoResponse                     0x20000088   Data           1  esp8266.o(.data)
    ESP8266_InputProcessingEnabled           0x20000089   Data           1  esp8266.o(.data)
    ESP8266_PageRequested                    0x2000008a   Data           1  esp8266.o(.data)
    SearchLooking                            0x2000008b   Data           1  esp8266.o(.data)
    SearchFound                              0x2000008c   Data           1  esp8266.o(.data)
    ESP8266_ServerPort                       0x2000008e   Data           2  esp8266.o(.data)
    ESP8266_ServerTimeout                    0x20000090   Data           2  esp8266.o(.data)
    RXBufferIndex                            0x20000094   Data           4  esp8266.o(.data)
    LastReturnIndex                          0x20000098   Data           4  esp8266.o(.data)
    CurrentReturnIndex                       0x2000009c   Data           4  esp8266.o(.data)
    ServerResponseIndex                      0x200000a0   Data           4  esp8266.o(.data)
    SearchIndex                              0x200000a4   Data           4  esp8266.o(.data)
    ServerResponseSearchFinished             0x200000a8   Data           4  esp8266.o(.data)
    ServerResponseSearchIndex                0x200000ac   Data           4  esp8266.o(.data)
    ServerResponseSearchLooking              0x200000b0   Data           4  esp8266.o(.data)
    ServerResponseSearchString               0x200000b4   Data          16  esp8266.o(.data)
    RxPutI                                   0x200000c4   Data           4  uart_1.o(.data)
    RxGetI                                   0x200000c8   Data           4  uart_1.o(.data)
    TxPutI                                   0x200000cc   Data           4  uart_1.o(.data)
    TxGetI                                   0x200000d0   Data           4  uart_1.o(.data)
    __stdout                                 0x200000d4   Data           4  stdout.o(.data)
    __microlib_freelist                      0x200000d8   Data           4  mvars.o(.data)
    __microlib_freelist_initialised          0x200000dc   Data           4  mvars.o(.data)
    CPU_Name                                 0x20001c2c   Data          16  cpu_core.o(.bss)
    Mem_PoolHeap                             0x20001c3c   Data          72  lib_mem.o(.bss)
    Mem_Heap                                 0x20001c84   Data        1024  lib_mem.o(.bss)
    OSEventTbl                               0x20002084   Data         240  os_core.o(.bss)
    OSTaskStatStk                            0x20002174   Data         512  os_core.o(.bss)
    OSTaskIdleStk                            0x20002374   Data         512  os_core.o(.bss)
    OSTCBPrioTbl                             0x20002574   Data         256  os_core.o(.bss)
    OSTCBTbl                                 0x20002674   Data        1936  os_core.o(.bss)
    OSFlagTbl                                0x20002e04   Data          80  os_core.o(.bss)
    OSMemTbl                                 0x20002e54   Data         120  os_core.o(.bss)
    OS_CPU_ExceptStk                         0x20002ecc   Data         512  os_cpu_c.o(.bss)
    reg_cache                                0x200030cc   Data          16  veml7700.o(.bss)
    RXBuffer                                 0x200030dc   Data        1024  esp8266.o(.bss)
    TXBuffer                                 0x200034dc   Data        1024  esp8266.o(.bss)
    ServerResponseBuffer                     0x200038dc   Data        1024  esp8266.o(.bss)
    SearchString                             0x20003cdc   Data          32  esp8266.o(.bss)
    __heap_base                              0x20004500   Data           0  cstartup.o(HEAP)
    __heap_limit                             0x20004500   Data           0  cstartup.o(HEAP)
    __initial_sp                             0x20004700   Data           0  cstartup.o(STACK)



==============================================================================

Memory Map of the image

  Image Entry point : 0x00000201

  Load Region LR_IROM1 (Base: 0x00000000, Size: 0x00007ed0, Max: 0x00040000, ABSOLUTE, COMPRESSED[0x00007884])

    Execution Region ER_IROM1 (Exec base: 0x00000000, Load base: 0x00000000, Size: 0x00007864, Max: 0x00040000, ABSOLUTE)

    Exec Addr    Load Addr    Size         Type   Attr      Idx    E Section Name        Object

    0x00000000   0x00000000   0x00000200   Data   RO          306    RESET               cstartup.o
    0x00000200   0x00000200   0x00000000   Code   RO         1444  * .ARM.Collect$$$$00000000  mc_w.l(entry.o)
    0x00000200   0x00000200   0x00000004   Code   RO         1750    .ARM.Collect$$$$00000001  mc_w.l(entry2.o)
    0x00000204   0x00000204   0x00000004   Code   RO         1753    .ARM.Collect$$$$00000004  mc_w.l(entry5.o)
    0x00000208   0x00000208   0x00000000   Code   RO         1755    .ARM.Collect$$$$00000008  mc_w.l(entry7b.o)
    0x00000208   0x00000208   0x00000000   Code   RO         1757    .ARM.Collect$$$$0000000A  mc_w.l(entry8b.o)
    0x00000208   0x00000208   0x00000008   Code   RO         1758    .ARM.Collect$$$$0000000B  mc_w.l(entry9a.o)
    0x00000210   0x00000210   0x00000000   Code   RO         1760    .ARM.Collect$$$$0000000D  mc_w.l(entry10a.o)
    0x00000210   0x00000210   0x00000000   Code   RO         1762    .ARM.Collect$$$$0000000F  mc_w.l(entry11a.o)
    0x00000210   0x00000210   0x00000004   Code   RO         1751    .ARM.Collect$$$$00002712  mc_w.l(entry2.o)
    0x00000214   0x00000214   0x00000026   Code   RO          687    .emb_text           cpu.o
    0x0000023a   0x0000023a   0x00000002   PAD
    0x0000023c   0x0000023c   0x00000006   Code   RO          910    .emb_text           sysctl.o
    0x00000242   0x00000242   0x00000002   PAD
    0x00000244   0x00000244   0x00000444   Code   RO            1    .text               app.o
    0x00000688   0x00000688   0x00000010   Code   RO          167    .text               app_hooks.o
    0x00000698   0x00000698   0x000000a8   Code   RO          183    .text               bsp.o
    0x00000740   0x00000740   0x00000248   Code   RO          225    .text               bsp_int.o
    0x00000988   0x00000988   0x000000cc   Code   RO          246    .text               bsp_led.o
    0x00000a54   0x00000a54   0x00000010   Code   RO          267    .text               bsp_sys.o
    0x00000a64   0x00000a64   0x00000058   Code   RO          282    .text               cpu_bsp.o
    0x00000abc   0x00000abc   0x0000002c   Code   RO          307    .text               cstartup.o
    0x00000ae8   0x00000ae8   0x000001bc   Code   RO          312    .text               cpu_core.o
    0x00000ca4   0x00000ca4   0x00000034   Code   RO          334    .text               cpu_a.o
    0x00000cd8   0x00000cd8   0x0000037c   Code   RO          337    .text               cpu_c.o
    0x00001054   0x00001054   0x0000015a   Code   RO          353    .text               lib_ascii.o
    0x000011ae   0x000011ae   0x00000002   PAD
    0x000011b0   0x000011b0   0x0000094c   Code   RO          400    .text               lib_mem.o
    0x00001afc   0x00001afc   0x000005a8   Code   RO          419    .text               lib_str.o
    0x000020a4   0x000020a4   0x00000220   Code   RO          437    .text               lib_mem_a.o
    0x000022c4   0x000022c4   0x0000091c   Code   RO          440    .text               os_core.o
    0x00002be0   0x00002be0   0x00000594   Code   RO          465    .text               os_flag.o
    0x00003174   0x00003174   0x0000018c   Code   RO          490    .text               os_mem.o
    0x00003300   0x00003300   0x00000310   Code   RO          520    .text               os_sem.o
    0x00003610   0x00003610   0x000006f4   Code   RO          532    .text               os_task.o
    0x00003d04   0x00003d04   0x00000160   Code   RO          545    .text               os_time.o
    0x00003e64   0x00003e64   0x000000dc   Code   RO          563    .text               os_cpu_a.o
    0x00003f40   0x00003f40   0x00000268   Code   RO          566    .text               os_cpu_c.o
    0x000041a8   0x000041a8   0x00000002   Code   RO          589    .text               os_dbg.o
    0x000041aa   0x000041aa   0x00000002   PAD
    0x000041ac   0x000041ac   0x0000052c   Code   RO          753    .text               gpio.o
    0x000046d8   0x000046d8   0x00000234   Code   RO          789    .text               i2c.o
    0x0000490c   0x0000490c   0x00000268   Code   RO          807    .text               interrupt.o
    0x00004b74   0x00004b74   0x0000055c   Code   RO          911    .text               sysctl.o
    0x000050d0   0x000050d0   0x000002b0   Code   RO          984    .text               uart.o
    0x00005380   0x00005380   0x000002c0   Code   RO         1056    .text               uartstdio.o
    0x00005640   0x00005640   0x00000164   Code   RO         1078    .text               ports.o
    0x000057a4   0x000057a4   0x00000190   Code   RO         1105    .text               easy_i2c.o
    0x00005934   0x00005934   0x000000e8   Code   RO         1123    .text               sht31.o
    0x00005a1c   0x00005a1c   0x000000b0   Code   RO         1144    .text               veml7700.o
    0x00005acc   0x00005acc   0x00000ad8   Code   RO         1160    .text               esp8266.o
    0x000065a4   0x000065a4   0x000003b0   Code   RO         1197    .text               uart_1.o
    0x00006954   0x00006954   0x00000062   Code   RO         1447    .text               mc_w.l(uldiv.o)
    0x000069b6   0x000069b6   0x00000024   Code   RO         1449    .text               mc_w.l(memcpya.o)
    0x000069da   0x000069da   0x00000024   Code   RO         1451    .text               mc_w.l(strstr.o)
    0x000069fe   0x000069fe   0x0000000e   Code   RO         1453    .text               mc_w.l(strlen.o)
    0x00006a0c   0x00006a0c   0x00000012   Code   RO         1455    .text               mc_w.l(strcpy.o)
    0x00006a1e   0x00006a1e   0x0000002c   Code   RO         1765    .text               mc_w.l(uidiv.o)
    0x00006a4a   0x00006a4a   0x0000001e   Code   RO         1767    .text               mc_w.l(llshl.o)
    0x00006a68   0x00006a68   0x00000020   Code   RO         1769    .text               mc_w.l(llushr.o)
    0x00006a88   0x00006a88   0x00000024   Code   RO         1784    .text               mc_w.l(init.o)
    0x00006aac   0x00006aac   0x0000003a   Code   RO         1798    .text               mc_w.l(__dczerorl.o)
    0x00006ae6   0x00006ae6   0x00000036   Code   RO         1332    i.MQTTPacket_encode  MQTTPacket.lib(mqttpacket.o)
    0x00006b1c   0x00006b1c   0x00000028   Code   RO         1334    i.MQTTPacket_len    MQTTPacket.lib(mqttpacket.o)
    0x00006b44   0x00006b44   0x00000168   Code   RO         1218    i.MQTTSerialize_connect  MQTTPacket.lib(mqttconnectclient.o)
    0x00006cac   0x00006cac   0x00000076   Code   RO         1219    i.MQTTSerialize_connectLength  MQTTPacket.lib(mqttconnectclient.o)
    0x00006d22   0x00006d22   0x00000012   Code   RO         1220    i.MQTTSerialize_disconnect  MQTTPacket.lib(mqttconnectclient.o)
    0x00006d34   0x00006d34   0x000000b0   Code   RO         1290    i.MQTTSerialize_publish  MQTTPacket.lib(mqttserializepublish.o)
    0x00006de4   0x00006de4   0x00000022   Code   RO         1291    i.MQTTSerialize_publishLength  MQTTPacket.lib(mqttserializepublish.o)
    0x00006e06   0x00006e06   0x0000004c   Code   RO         1222    i.MQTTSerialize_zero  MQTTPacket.lib(mqttconnectclient.o)
    0x00006e52   0x00006e52   0x00000018   Code   RO         1337    i.MQTTstrlen        MQTTPacket.lib(mqttpacket.o)
    0x00006e6a   0x00006e6a   0x00000002   PAD
    0x00006e6c   0x00006e6c   0x00000020   Code   RO         1550    i.__0printf$3       mc_w.l(printf3.o)
    0x00006e8c   0x00006e8c   0x00000028   Code   RO         1552    i.__0sprintf$3      mc_w.l(printf3.o)
    0x00006eb4   0x00006eb4   0x0000000e   Code   RO         1792    i.__scatterload_copy  mc_w.l(handlers.o)
    0x00006ec2   0x00006ec2   0x00000002   Code   RO         1793    i.__scatterload_null  mc_w.l(handlers.o)
    0x00006ec4   0x00006ec4   0x0000000e   Code   RO         1794    i.__scatterload_zeroinit  mc_w.l(handlers.o)
    0x00006ed2   0x00006ed2   0x00000002   PAD
    0x00006ed4   0x00006ed4   0x000001b8   Code   RO         1557    i._printf_core      mc_w.l(printf3.o)
    0x0000708c   0x0000708c   0x0000000a   Code   RO         1559    i._sputc            mc_w.l(printf3.o)
    0x00007096   0x00007096   0x00000002   PAD
    0x00007098   0x00007098   0x0000006c   Code   RO         1723    i.malloc            mc_w.l(malloc.o)
    0x00007104   0x00007104   0x00000028   Code   RO         1343    i.writeCString      MQTTPacket.lib(mqttpacket.o)
    0x0000712c   0x0000712c   0x0000000c   Code   RO         1344    i.writeChar         MQTTPacket.lib(mqttpacket.o)
    0x00007138   0x00007138   0x00000030   Code   RO         1345    i.writeInt          MQTTPacket.lib(mqttpacket.o)
    0x00007168   0x00007168   0x0000003e   Code   RO         1346    i.writeMQTTString   MQTTPacket.lib(mqttpacket.o)
    0x000071a6   0x000071a6   0x00000002   PAD
    0x000071a8   0x000071a8   0x00000058   Data   RO            3    .constdata          app.o
    0x00007200   0x00007200   0x00000100   Data   RO          314    .constdata          cpu_core.o
    0x00007300   0x00007300   0x00000094   Data   RO          420    .constdata          lib_str.o
    0x00007394   0x00007394   0x00000100   Data   RO          444    .constdata          os_core.o
    0x00007494   0x00007494   0x00000138   Data   RO          754    .constdata          gpio.o
    0x000075cc   0x000075cc   0x00000030   Data   RO          790    .constdata          i2c.o
    0x000075fc   0x000075fc   0x0000010c   Data   RO          808    .constdata          interrupt.o
    0x00007708   0x00007708   0x0000006c   Data   RO          912    .constdata          sysctl.o
    0x00007774   0x00007774   0x00000040   Data   RO          985    .constdata          uart.o
    0x000077b4   0x000077b4   0x0000001c   Data   RO         1057    .constdata          uartstdio.o
    0x000077d0   0x000077d0   0x0000000d   Data   RO            4    .conststring        app.o
    0x000077dd   0x000077dd   0x00000003   PAD
    0x000077e0   0x000077e0   0x00000011   Data   RO         1058    .conststring        uartstdio.o
    0x000077f1   0x000077f1   0x00000003   PAD
    0x000077f4   0x000077f4   0x0000004e   Data   RO         1163    .conststring        esp8266.o
    0x00007842   0x00007842   0x00000002   PAD
    0x00007844   0x00007844   0x00000020   Data   RO         1790    Region$$Table       anon$$obj.o


    Execution Region RW_IRAM1 (Exec base: 0x20000000, Load base: 0x00007864, Size: 0x00004700, Max: 0x00008000, ABSOLUTE, COMPRESSED[0x00000020])

    Exec Addr    Load Addr    Size         Type   Attr      Idx    E Section Name        Object

    0x20000000   COMPRESSED   0x00000028   Data   RW            5    .data               app.o
    0x20000028   COMPRESSED   0x00000004   Data   RW          316    .data               cpu_core.o
    0x2000002c   COMPRESSED   0x00000004   Data   RW          402    .data               lib_mem.o
    0x20000030   COMPRESSED   0x0000003c   Data   RW          445    .data               os_core.o
    0x2000006c   COMPRESSED   0x00000004   Data   RW          446    .data               os_core.o
    0x20000070   COMPRESSED   0x00000004   Data   RW          447    .data               os_core.o
    0x20000074   COMPRESSED   0x00000004   Data   RW          568    .data               os_cpu_c.o
    0x20000078   COMPRESSED   0x00000008   Data   RW         1059    .data               uartstdio.o
    0x20000080   COMPRESSED   0x00000008   Data   RW         1124    .data               sht31.o
    0x20000088   COMPRESSED   0x0000003c   Data   RW         1164    .data               esp8266.o
    0x200000c4   COMPRESSED   0x00000010   Data   RW         1199    .data               uart_1.o
    0x200000d4   COMPRESSED   0x00000004   Data   RW         1764    .data               mc_w.l(stdout.o)
    0x200000d8   COMPRESSED   0x00000004   Data   RW         1771    .data               mc_w.l(mvars.o)
    0x200000dc   COMPRESSED   0x00000004   Data   RW         1772    .data               mc_w.l(mvars.o)
    0x200000e0   COMPRESSED   0x00000320   PAD
    0x20000400   COMPRESSED   0x0000026c   Data   RW          809    vtable              interrupt.o
    0x2000066c        -       0x00001400   Zero   RW            2    .bss                app.o
    0x20001a6c        -       0x000001c0   Zero   RW          226    .bss                bsp_int.o
    0x20001c2c        -       0x00000010   Zero   RW          313    .bss                cpu_core.o
    0x20001c3c        -       0x00000448   Zero   RW          401    .bss                lib_mem.o
    0x20002084        -       0x00000d80   Zero   RW          441    .bss                os_core.o
    0x20002e04        -       0x00000050   Zero   RW          442    .bss                os_core.o
    0x20002e54        -       0x00000078   Zero   RW          443    .bss                os_core.o
    0x20002ecc        -       0x00000200   Zero   RW          567    .bss                os_cpu_c.o
    0x200030cc        -       0x00000010   Zero   RW         1145    .bss                veml7700.o
    0x200030dc        -       0x00000c20   Zero   RW         1161    .bss                esp8266.o
    0x20003cfc        -       0x00000800   Zero   RW         1198    .bss                uart_1.o
    0x200044fc   COMPRESSED   0x00000004   PAD
    0x20004500        -       0x00000000   Zero   RW          305    HEAP                cstartup.o
    0x20004500        -       0x00000200   Zero   RW          304    STACK               cstartup.o


==============================================================================

Image component sizes


      Code (inc. data)   RO Data    RW Data    ZI Data      Debug   Object Name

      1092        236        101         40       5120      31614   app.o
        16          0          0          0          0       9455   app_hooks.o
       168         62          0          0          0       8483   bsp.o
       584          8          0          0        448      14646   bsp_int.o
       204         18          0          0          0       1273   bsp_led.o
        16          6          0          0          0        648   bsp_sys.o
        38          0          0          0          0        672   cpu.o
        52          0          0          0          0        412   cpu_a.o
        88         12          0          0          0       2596   cpu_bsp.o
       892         72          0          0          0       3585   cpu_c.o
       444         12        256          4         16       7065   cpu_core.o
        44          4        512          0        512        816   cstartup.o
       400         34          0          0          0       1794   easy_i2c.o
      2776        804         78         60       3104      13621   esp8266.o
      1324         10        312          0          0      12852   gpio.o
       564         18         48          0          0       9778   i2c.o
       616         26        268        620          0       5204   interrupt.o
       346          0          0          0          0      15370   lib_ascii.o
      2380         38          0          4       1096      25384   lib_mem.o
       544          0          0          0          0        556   lib_mem_a.o
      1448          4        148          0          0      12960   lib_str.o
      2332         92        256         68       3656      19539   os_core.o
       220         36          0          0          0        500   os_cpu_a.o
       616        132          0          4        512      12684   os_cpu_c.o
         2          0          0          0          0        638   os_dbg.o
      1428         40          0          0          0       7818   os_flag.o
       396         18          0          0          0       3484   os_mem.o
       784         20          0          0          0       4518   os_sem.o
      1780         72          0          0          0       9150   os_task.o
       352         28          0          0          0       2034   os_time.o
       356         24          0          0          0       2259   ports.o
       232         14          0          8          0       3321   sht31.o
      1378         80        108          0          0       9811   sysctl.o
       688          4         64          0          0      11230   uart.o
       944         34          0         16       2048       6789   uart_1.o
       704         28         45          8          0       4101   uartstdio.o
       176         10          0          0         16       2772   veml7700.o

    ----------------------------------------------------------------------
     26432       1996       2236        832      16532     279432   Object Totals
         0          0         32          0          0          0   (incl. Generated)
         8          0          8          0          4          0   (incl. Padding)

    ----------------------------------------------------------------------

      Code (inc. data)   RO Data    RW Data    ZI Data      Debug   Library Member Name

       572         18          0          0          0       6254   mqttconnectclient.o
       280          6          0          0          0       4434   mqttpacket.o
       210          0          0          0          0       1874   mqttserializepublish.o
        58          0          0          0          0          0   __dczerorl.o
         0          0          0          0          0          0   entry.o
         0          0          0          0          0          0   entry10a.o
         0          0          0          0          0          0   entry11a.o
         8          4          0          0          0          0   entry2.o
         4          0          0          0          0          0   entry5.o
         0          0          0          0          0          0   entry7b.o
         0          0          0          0          0          0   entry8b.o
         8          4          0          0          0          0   entry9a.o
        30          0          0          0          0          0   handlers.o
        36          8          0          0          0         68   init.o
        30          0          0          0          0         68   llshl.o
        32          0          0          0          0         68   llushr.o
       108         16          0          0          0         84   malloc.o
        36          0          0          0          0         68   memcpya.o
         0          0          0          8          0          0   mvars.o
       522         20          0          0          0        336   printf3.o
         0          0          0          4          0          0   stdout.o
        18          0          0          0          0         68   strcpy.o
        14          0          0          0          0         68   strlen.o
        36          0          0          0          0         80   strstr.o
        44          0          0          0          0         80   uidiv.o
        98          0          0          0          0         92   uldiv.o

    ----------------------------------------------------------------------
      2152         76          0        812          0      13642   Library Totals
         8          0          0        800          0          0   (incl. Padding)

    ----------------------------------------------------------------------

      Code (inc. data)   RO Data    RW Data    ZI Data      Debug   Library Name

      1062         24          0          0          0      12562   MQTTPacket.lib
      1082         52          0         12          0       1080   mc_w.l

    ----------------------------------------------------------------------
      2152         76          0        812          0      13642   Library Totals

    ----------------------------------------------------------------------

==============================================================================


      Code (inc. data)   RO Data    RW Data    ZI Data      Debug   

     28584       2072       2236       1644      16532     283738   Grand Totals
     28584       2072       2236         32      16532     283738   ELF Image Totals (compressed)
     28584       2072       2236         32          0          0   ROM Totals

==============================================================================

    Total RO  Size (Code + RO Data)                30820 (  30.10kB)
    Total RW  Size (RW Data + ZI Data)             18176 (  17.75kB)
    Total ROM Size (Code + RO Data + RW Data)      30852 (  30.13kB)

==============================================================================

